Archive member included to satisfy reference by file (symbol)

.\CortexM3\ARM_GCC_541\Debug\CY_CKIT_TEST.a(CyLib.o)
                              .\CortexM3\ARM_GCC_541\Debug\Cm3Start.o (CyHalt)
.\CortexM3\ARM_GCC_541\Debug\CY_CKIT_TEST.a(cyPm.o)
                              .\CortexM3\ARM_GCC_541\Debug\CY_CKIT_TEST.a(CyLib.o) (CyPmReadStatus)
.\CortexM3\ARM_GCC_541\Debug\CY_CKIT_TEST.a(PWM_BACK.o)
                              .\CortexM3\ARM_GCC_541\Debug\main.o (PWM_BACK_WriteCompare1)
.\CortexM3\ARM_GCC_541\Debug\CY_CKIT_TEST.a(PWM_FRONT.o)
                              .\CortexM3\ARM_GCC_541\Debug\main.o (PWM_FRONT_WriteCompare1)
.\CortexM3\ARM_GCC_541\Debug\CY_CKIT_TEST.a(inter_uart.o)
                              .\CortexM3\ARM_GCC_541\Debug\main.o (inter_uart_StartEx)
.\CortexM3\ARM_GCC_541\Debug\CY_CKIT_TEST.a(UART_XBEE.o)
                              .\CortexM3\ARM_GCC_541\Debug\main.o (UART_XBEE_Start)
.\CortexM3\ARM_GCC_541\Debug\CY_CKIT_TEST.a(UART_XBEE_IntClock.o)
                              .\CortexM3\ARM_GCC_541\Debug\CY_CKIT_TEST.a(UART_XBEE.o) (UART_XBEE_IntClock_Start)
.\CortexM3\ARM_GCC_541\Debug\CY_CKIT_TEST.a(IN_B2_AR_G.o)
                              .\CortexM3\ARM_GCC_541\Debug\main.o (IN_B2_AR_G_Write)
.\CortexM3\ARM_GCC_541\Debug\CY_CKIT_TEST.a(IN_A2_AR_G.o)
                              .\CortexM3\ARM_GCC_541\Debug\main.o (IN_A2_AR_G_Write)
.\CortexM3\ARM_GCC_541\Debug\CY_CKIT_TEST.a(IN_A1_AR_D.o)
                              .\CortexM3\ARM_GCC_541\Debug\main.o (IN_A1_AR_D_Write)
.\CortexM3\ARM_GCC_541\Debug\CY_CKIT_TEST.a(IN_B1_AR_D.o)
                              .\CortexM3\ARM_GCC_541\Debug\main.o (IN_B1_AR_D_Write)
.\CortexM3\ARM_GCC_541\Debug\CY_CKIT_TEST.a(IN_A2_AV_D.o)
                              .\CortexM3\ARM_GCC_541\Debug\main.o (IN_A2_AV_D_Write)
.\CortexM3\ARM_GCC_541\Debug\CY_CKIT_TEST.a(IN_B2_AV_D.o)
                              .\CortexM3\ARM_GCC_541\Debug\main.o (IN_B2_AV_D_Write)
.\CortexM3\ARM_GCC_541\Debug\CY_CKIT_TEST.a(IN_A1_AV_G.o)
                              .\CortexM3\ARM_GCC_541\Debug\main.o (IN_A1_AV_G_Write)
.\CortexM3\ARM_GCC_541\Debug\CY_CKIT_TEST.a(IN_B1_AV_G.o)
                              .\CortexM3\ARM_GCC_541\Debug\main.o (IN_B1_AV_G_Write)
.\CortexM3\ARM_GCC_541\Debug\CY_CKIT_TEST.a(CyBootAsmGnu.o)
                              .\CortexM3\ARM_GCC_541\Debug\cyfitter_cfg.o (CyDelayCycles)
.\CortexM3\ARM_GCC_541\Debug\CY_CKIT_TEST.a(CyFlash.o)
                              .\CortexM3\ARM_GCC_541\Debug\CY_CKIT_TEST.a(cyPm.o) (CyFlash_SetWaitCycles)
.\CortexM3\ARM_GCC_541\Debug\CY_CKIT_TEST.a(CySpc.o)
                              .\CortexM3\ARM_GCC_541\Debug\CY_CKIT_TEST.a(CyFlash.o) (CySpcStart)
c:/program files (x86)/cypress/psoc creator/4.4/psoc creator/import/gnu/arm/5.4.1/bin/../lib/gcc/arm-none-eabi/5.4.1/../../../../arm-none-eabi/lib/armv7-m\libg_nano.a(lib_a-errno.o)
                              .\CortexM3\ARM_GCC_541\Debug\Cm3Start.o (__errno)
c:/program files (x86)/cypress/psoc creator/4.4/psoc creator/import/gnu/arm/5.4.1/bin/../lib/gcc/arm-none-eabi/5.4.1/../../../../arm-none-eabi/lib/armv7-m\libg_nano.a(lib_a-exit.o)
                              c:/program files (x86)/cypress/psoc creator/4.4/psoc creator/import/gnu/arm/5.4.1/bin/../lib/gcc/arm-none-eabi/5.4.1/../../../../arm-none-eabi/lib/armv7-m/crt0.o (exit)
c:/program files (x86)/cypress/psoc creator/4.4/psoc creator/import/gnu/arm/5.4.1/bin/../lib/gcc/arm-none-eabi/5.4.1/../../../../arm-none-eabi/lib/armv7-m\libg_nano.a(lib_a-impure.o)
                              c:/program files (x86)/cypress/psoc creator/4.4/psoc creator/import/gnu/arm/5.4.1/bin/../lib/gcc/arm-none-eabi/5.4.1/../../../../arm-none-eabi/lib/armv7-m\libg_nano.a(lib_a-exit.o) (_global_impure_ptr)
c:/program files (x86)/cypress/psoc creator/4.4/psoc creator/import/gnu/arm/5.4.1/bin/../lib/gcc/arm-none-eabi/5.4.1/../../../../arm-none-eabi/lib/armv7-m\libg_nano.a(lib_a-init.o)
                              c:/program files (x86)/cypress/psoc creator/4.4/psoc creator/import/gnu/arm/5.4.1/bin/../lib/gcc/arm-none-eabi/5.4.1/../../../../arm-none-eabi/lib/armv7-m/crt0.o (__libc_init_array)
c:/program files (x86)/cypress/psoc creator/4.4/psoc creator/import/gnu/arm/5.4.1/bin/../lib/gcc/arm-none-eabi/5.4.1/../../../../arm-none-eabi/lib/armv7-m\libg_nano.a(lib_a-memcpy-stub.o)
                              .\CortexM3\ARM_GCC_541\Debug\cyfitter_cfg.o (memcpy)
c:/program files (x86)/cypress/psoc creator/4.4/psoc creator/import/gnu/arm/5.4.1/bin/../lib/gcc/arm-none-eabi/5.4.1/../../../../arm-none-eabi/lib/armv7-m\libg_nano.a(lib_a-memset.o)
                              c:/program files (x86)/cypress/psoc creator/4.4/psoc creator/import/gnu/arm/5.4.1/bin/../lib/gcc/arm-none-eabi/5.4.1/../../../../arm-none-eabi/lib/armv7-m/crt0.o (memset)

Allocating common symbols
Common symbol       size              file

key_event           0x1               .\CortexM3\ARM_GCC_541\Debug\main.o
pressed_key         0x1               .\CortexM3\ARM_GCC_541\Debug\main.o
dieTemperature      0x2               .\CortexM3\ARM_GCC_541\Debug\CY_CKIT_TEST.a(CyFlash.o)

Discarded input sections

 .text          0x00000000        0x0 c:/program files (x86)/cypress/psoc creator/4.4/psoc creator/import/gnu/arm/5.4.1/bin/../lib/gcc/arm-none-eabi/5.4.1/armv7-m/crti.o
 .data          0x00000000        0x0 c:/program files (x86)/cypress/psoc creator/4.4/psoc creator/import/gnu/arm/5.4.1/bin/../lib/gcc/arm-none-eabi/5.4.1/armv7-m/crti.o
 .bss           0x00000000        0x0 c:/program files (x86)/cypress/psoc creator/4.4/psoc creator/import/gnu/arm/5.4.1/bin/../lib/gcc/arm-none-eabi/5.4.1/armv7-m/crti.o
 .data          0x00000000        0x4 c:/program files (x86)/cypress/psoc creator/4.4/psoc creator/import/gnu/arm/5.4.1/bin/../lib/gcc/arm-none-eabi/5.4.1/armv7-m/crtbegin.o
 .text          0x00000000       0x74 c:/program files (x86)/cypress/psoc creator/4.4/psoc creator/import/gnu/arm/5.4.1/bin/../lib/gcc/arm-none-eabi/5.4.1/../../../../arm-none-eabi/lib/armv7-m/crt0.o
 .data          0x00000000        0x0 c:/program files (x86)/cypress/psoc creator/4.4/psoc creator/import/gnu/arm/5.4.1/bin/../lib/gcc/arm-none-eabi/5.4.1/../../../../arm-none-eabi/lib/armv7-m/crt0.o
 .bss           0x00000000        0x0 c:/program files (x86)/cypress/psoc creator/4.4/psoc creator/import/gnu/arm/5.4.1/bin/../lib/gcc/arm-none-eabi/5.4.1/../../../../arm-none-eabi/lib/armv7-m/crt0.o
 .ARM.extab     0x00000000        0x0 c:/program files (x86)/cypress/psoc creator/4.4/psoc creator/import/gnu/arm/5.4.1/bin/../lib/gcc/arm-none-eabi/5.4.1/../../../../arm-none-eabi/lib/armv7-m/crt0.o
 .ARM.exidx     0x00000000        0x8 c:/program files (x86)/cypress/psoc creator/4.4/psoc creator/import/gnu/arm/5.4.1/bin/../lib/gcc/arm-none-eabi/5.4.1/../../../../arm-none-eabi/lib/armv7-m/crt0.o
 .text          0x00000000        0x0 .\CortexM3\ARM_GCC_541\Debug\main.o
 .data          0x00000000        0x0 .\CortexM3\ARM_GCC_541\Debug\main.o
 .bss           0x00000000        0x0 .\CortexM3\ARM_GCC_541\Debug\main.o
 .text          0x00000000        0x0 .\CortexM3\ARM_GCC_541\Debug\cyfitter_cfg.o
 .data          0x00000000        0x0 .\CortexM3\ARM_GCC_541\Debug\cyfitter_cfg.o
 .bss           0x00000000        0x0 .\CortexM3\ARM_GCC_541\Debug\cyfitter_cfg.o
 .text.SetAnalogRoutingPumps
                0x00000000       0x10 .\CortexM3\ARM_GCC_541\Debug\cyfitter_cfg.o
 .text          0x00000000        0x0 .\CortexM3\ARM_GCC_541\Debug\cymetadata.o
 .data          0x00000000        0x0 .\CortexM3\ARM_GCC_541\Debug\cymetadata.o
 .bss           0x00000000        0x0 .\CortexM3\ARM_GCC_541\Debug\cymetadata.o
 .text          0x00000000        0x0 .\CortexM3\ARM_GCC_541\Debug\Cm3Start.o
 .data          0x00000000        0x4 .\CortexM3\ARM_GCC_541\Debug\Cm3Start.o
 .bss           0x00000000        0x0 .\CortexM3\ARM_GCC_541\Debug\Cm3Start.o
 .text._exit    0x00000000        0xc .\CortexM3\ARM_GCC_541\Debug\Cm3Start.o
 .text._sbrk    0x00000000       0x30 .\CortexM3\ARM_GCC_541\Debug\Cm3Start.o
 .text          0x00000000        0x0 .\CortexM3\ARM_GCC_541\Debug\CY_CKIT_TEST.a(CyLib.o)
 .data          0x00000000       0x10 .\CortexM3\ARM_GCC_541\Debug\CY_CKIT_TEST.a(CyLib.o)
 .bss           0x00000000       0x1c .\CortexM3\ARM_GCC_541\Debug\CY_CKIT_TEST.a(CyLib.o)
 .text.CyUSB_PowerOnCheck
                0x00000000       0x48 .\CortexM3\ARM_GCC_541\Debug\CY_CKIT_TEST.a(CyLib.o)
 .text.CyBusClk_Internal_SetDivider
                0x00000000       0x48 .\CortexM3\ARM_GCC_541\Debug\CY_CKIT_TEST.a(CyLib.o)
 .text.CyPLL_OUT_Stop
                0x00000000       0x10 .\CortexM3\ARM_GCC_541\Debug\CY_CKIT_TEST.a(CyLib.o)
 .text.CyIMO_Stop
                0x00000000       0x1c .\CortexM3\ARM_GCC_541\Debug\CY_CKIT_TEST.a(CyLib.o)
 .text.CyIMO_EnableDoubler
                0x00000000       0x10 .\CortexM3\ARM_GCC_541\Debug\CY_CKIT_TEST.a(CyLib.o)
 .text.CyIMO_DisableDoubler
                0x00000000       0x10 .\CortexM3\ARM_GCC_541\Debug\CY_CKIT_TEST.a(CyLib.o)
 .text.CyMasterClk_SetSource
                0x00000000       0x18 .\CortexM3\ARM_GCC_541\Debug\CY_CKIT_TEST.a(CyLib.o)
 .text.CyMasterClk_SetDivider
                0x00000000        0xc .\CortexM3\ARM_GCC_541\Debug\CY_CKIT_TEST.a(CyLib.o)
 .text.CyBusClk_SetDivider
                0x00000000       0x70 .\CortexM3\ARM_GCC_541\Debug\CY_CKIT_TEST.a(CyLib.o)
 .text.CyUsbClk_SetSource
                0x00000000       0x18 .\CortexM3\ARM_GCC_541\Debug\CY_CKIT_TEST.a(CyLib.o)
 .text.CyILO_Start1K
                0x00000000       0x10 .\CortexM3\ARM_GCC_541\Debug\CY_CKIT_TEST.a(CyLib.o)
 .text.CyILO_Stop1K
                0x00000000       0x10 .\CortexM3\ARM_GCC_541\Debug\CY_CKIT_TEST.a(CyLib.o)
 .text.CyILO_Start100K
                0x00000000       0x10 .\CortexM3\ARM_GCC_541\Debug\CY_CKIT_TEST.a(CyLib.o)
 .text.CyILO_Stop100K
                0x00000000       0x10 .\CortexM3\ARM_GCC_541\Debug\CY_CKIT_TEST.a(CyLib.o)
 .text.CyPLL_OUT_Start
                0x00000000       0x78 .\CortexM3\ARM_GCC_541\Debug\CY_CKIT_TEST.a(CyLib.o)
 .text.CyIMO_Start
                0x00000000       0x60 .\CortexM3\ARM_GCC_541\Debug\CY_CKIT_TEST.a(CyLib.o)
 .text.CyILO_Enable33K
                0x00000000       0x10 .\CortexM3\ARM_GCC_541\Debug\CY_CKIT_TEST.a(CyLib.o)
 .text.CyILO_Disable33K
                0x00000000       0x10 .\CortexM3\ARM_GCC_541\Debug\CY_CKIT_TEST.a(CyLib.o)
 .text.CyILO_SetSource
                0x00000000       0x18 .\CortexM3\ARM_GCC_541\Debug\CY_CKIT_TEST.a(CyLib.o)
 .text.CyILO_SetPowerMode
                0x00000000       0x24 .\CortexM3\ARM_GCC_541\Debug\CY_CKIT_TEST.a(CyLib.o)
 .text.CyXTAL_32KHZ_Stop
                0x00000000       0x30 .\CortexM3\ARM_GCC_541\Debug\CY_CKIT_TEST.a(CyLib.o)
 .text.CyXTAL_32KHZ_ReadStatus
                0x00000000       0x10 .\CortexM3\ARM_GCC_541\Debug\CY_CKIT_TEST.a(CyLib.o)
 .text.CyXTAL_Start
                0x00000000       0xac .\CortexM3\ARM_GCC_541\Debug\CY_CKIT_TEST.a(CyLib.o)
 .text.CyXTAL_Stop
                0x00000000       0x10 .\CortexM3\ARM_GCC_541\Debug\CY_CKIT_TEST.a(CyLib.o)
 .text.CyXTAL_EnableErrStatus
                0x00000000       0x10 .\CortexM3\ARM_GCC_541\Debug\CY_CKIT_TEST.a(CyLib.o)
 .text.CyXTAL_DisableErrStatus
                0x00000000       0x10 .\CortexM3\ARM_GCC_541\Debug\CY_CKIT_TEST.a(CyLib.o)
 .text.CyXTAL_ReadStatus
                0x00000000       0x18 .\CortexM3\ARM_GCC_541\Debug\CY_CKIT_TEST.a(CyLib.o)
 .text.CyXTAL_EnableFaultRecovery
                0x00000000       0x10 .\CortexM3\ARM_GCC_541\Debug\CY_CKIT_TEST.a(CyLib.o)
 .text.CyXTAL_DisableFaultRecovery
                0x00000000       0x10 .\CortexM3\ARM_GCC_541\Debug\CY_CKIT_TEST.a(CyLib.o)
 .text.CyXTAL_SetStartup
                0x00000000       0x18 .\CortexM3\ARM_GCC_541\Debug\CY_CKIT_TEST.a(CyLib.o)
 .text.CyXTAL_SetFbVoltage
                0x00000000       0x18 .\CortexM3\ARM_GCC_541\Debug\CY_CKIT_TEST.a(CyLib.o)
 .text.CyXTAL_SetWdVoltage
                0x00000000       0x18 .\CortexM3\ARM_GCC_541\Debug\CY_CKIT_TEST.a(CyLib.o)
 .text.CyHalt   0x00000000        0x4 .\CortexM3\ARM_GCC_541\Debug\CY_CKIT_TEST.a(CyLib.o)
 .text.CyPLL_OUT_SetPQ
                0x00000000       0x60 .\CortexM3\ARM_GCC_541\Debug\CY_CKIT_TEST.a(CyLib.o)
 .text.CyPLL_OUT_SetSource
                0x00000000       0x34 .\CortexM3\ARM_GCC_541\Debug\CY_CKIT_TEST.a(CyLib.o)
 .text.CyIMO_SetTrimValue
                0x00000000       0xcc .\CortexM3\ARM_GCC_541\Debug\CY_CKIT_TEST.a(CyLib.o)
 .text.CyIMO_SetFreq
                0x00000000       0xf4 .\CortexM3\ARM_GCC_541\Debug\CY_CKIT_TEST.a(CyLib.o)
 .text.CyIMO_SetSource
                0x00000000       0x58 .\CortexM3\ARM_GCC_541\Debug\CY_CKIT_TEST.a(CyLib.o)
 .text.CySoftwareReset
                0x00000000       0x10 .\CortexM3\ARM_GCC_541\Debug\CY_CKIT_TEST.a(CyLib.o)
 .text.CyDelay  0x00000000       0x2c .\CortexM3\ARM_GCC_541\Debug\CY_CKIT_TEST.a(CyLib.o)
 .text.CyDelayUs
                0x00000000       0x14 .\CortexM3\ARM_GCC_541\Debug\CY_CKIT_TEST.a(CyLib.o)
 .text.CyXTAL_32KHZ_SetPowerMode
                0x00000000       0x84 .\CortexM3\ARM_GCC_541\Debug\CY_CKIT_TEST.a(CyLib.o)
 .text.CyXTAL_32KHZ_Start
                0x00000000       0x74 .\CortexM3\ARM_GCC_541\Debug\CY_CKIT_TEST.a(CyLib.o)
 .text.CyDelayFreq
                0x00000000       0x4c .\CortexM3\ARM_GCC_541\Debug\CY_CKIT_TEST.a(CyLib.o)
 .text.CyWdtStart
                0x00000000       0x40 .\CortexM3\ARM_GCC_541\Debug\CY_CKIT_TEST.a(CyLib.o)
 .text.CyWdtClear
                0x00000000        0xc .\CortexM3\ARM_GCC_541\Debug\CY_CKIT_TEST.a(CyLib.o)
 .text.CyVdStickyStatus
                0x00000000       0x2c .\CortexM3\ARM_GCC_541\Debug\CY_CKIT_TEST.a(CyLib.o)
 .text.CyVdLvDigitEnable
                0x00000000       0x84 .\CortexM3\ARM_GCC_541\Debug\CY_CKIT_TEST.a(CyLib.o)
 .text.CyVdLvAnalogEnable
                0x00000000       0x80 .\CortexM3\ARM_GCC_541\Debug\CY_CKIT_TEST.a(CyLib.o)
 .text.CyVdLvDigitDisable
                0x00000000       0x30 .\CortexM3\ARM_GCC_541\Debug\CY_CKIT_TEST.a(CyLib.o)
 .text.CyVdLvAnalogDisable
                0x00000000       0x28 .\CortexM3\ARM_GCC_541\Debug\CY_CKIT_TEST.a(CyLib.o)
 .text.CyVdHvAnalogEnable
                0x00000000       0x54 .\CortexM3\ARM_GCC_541\Debug\CY_CKIT_TEST.a(CyLib.o)
 .text.CyVdHvAnalogDisable
                0x00000000       0x20 .\CortexM3\ARM_GCC_541\Debug\CY_CKIT_TEST.a(CyLib.o)
 .text.CyVdRealTimeStatus
                0x00000000       0x1c .\CortexM3\ARM_GCC_541\Debug\CY_CKIT_TEST.a(CyLib.o)
 .text.CyDisableInts
                0x00000000       0x1c .\CortexM3\ARM_GCC_541\Debug\CY_CKIT_TEST.a(CyLib.o)
 .text.CyEnableInts
                0x00000000       0x18 .\CortexM3\ARM_GCC_541\Debug\CY_CKIT_TEST.a(CyLib.o)
 .text.CyFlushCache
                0x00000000       0x44 .\CortexM3\ARM_GCC_541\Debug\CY_CKIT_TEST.a(CyLib.o)
 .text.CyIntSetSysVector
                0x00000000       0x28 .\CortexM3\ARM_GCC_541\Debug\CY_CKIT_TEST.a(CyLib.o)
 .text.CyIntGetSysVector
                0x00000000       0x20 .\CortexM3\ARM_GCC_541\Debug\CY_CKIT_TEST.a(CyLib.o)
 .text.CyIntSetVector
                0x00000000       0x28 .\CortexM3\ARM_GCC_541\Debug\CY_CKIT_TEST.a(CyLib.o)
 .text.CyIntGetVector
                0x00000000       0x24 .\CortexM3\ARM_GCC_541\Debug\CY_CKIT_TEST.a(CyLib.o)
 .text.CyIntSetPriority
                0x00000000       0x30 .\CortexM3\ARM_GCC_541\Debug\CY_CKIT_TEST.a(CyLib.o)
 .text.CyIntGetPriority
                0x00000000       0x20 .\CortexM3\ARM_GCC_541\Debug\CY_CKIT_TEST.a(CyLib.o)
 .text.CyIntGetState
                0x00000000       0x24 .\CortexM3\ARM_GCC_541\Debug\CY_CKIT_TEST.a(CyLib.o)
 .text.CySysTickStop
                0x00000000       0x10 .\CortexM3\ARM_GCC_541\Debug\CY_CKIT_TEST.a(CyLib.o)
 .text.CySysTickEnableInterrupt
                0x00000000       0x10 .\CortexM3\ARM_GCC_541\Debug\CY_CKIT_TEST.a(CyLib.o)
 .text.CySysTickEnable
                0x00000000       0x18 .\CortexM3\ARM_GCC_541\Debug\CY_CKIT_TEST.a(CyLib.o)
 .text.CySysTickDisableInterrupt
                0x00000000       0x10 .\CortexM3\ARM_GCC_541\Debug\CY_CKIT_TEST.a(CyLib.o)
 .text.CySysTickSetReload
                0x00000000       0x10 .\CortexM3\ARM_GCC_541\Debug\CY_CKIT_TEST.a(CyLib.o)
 .text.CySysTickGetReload
                0x00000000       0x10 .\CortexM3\ARM_GCC_541\Debug\CY_CKIT_TEST.a(CyLib.o)
 .text.CySysTickGetValue
                0x00000000       0x10 .\CortexM3\ARM_GCC_541\Debug\CY_CKIT_TEST.a(CyLib.o)
 .text.CySysTickSetClockSource
                0x00000000       0x20 .\CortexM3\ARM_GCC_541\Debug\CY_CKIT_TEST.a(CyLib.o)
 .text.CySysTickGetClockSource
                0x00000000       0x10 .\CortexM3\ARM_GCC_541\Debug\CY_CKIT_TEST.a(CyLib.o)
 .text.CySysTickGetCountFlag
                0x00000000       0x10 .\CortexM3\ARM_GCC_541\Debug\CY_CKIT_TEST.a(CyLib.o)
 .text.CySysTickServiceCallbacks
                0x00000000       0x28 .\CortexM3\ARM_GCC_541\Debug\CY_CKIT_TEST.a(CyLib.o)
 .text.CySysTickClear
                0x00000000        0xc .\CortexM3\ARM_GCC_541\Debug\CY_CKIT_TEST.a(CyLib.o)
 .text.CySysTickInit
                0x00000000       0x58 .\CortexM3\ARM_GCC_541\Debug\CY_CKIT_TEST.a(CyLib.o)
 .text.CySysTickStart
                0x00000000       0x1c .\CortexM3\ARM_GCC_541\Debug\CY_CKIT_TEST.a(CyLib.o)
 .text.CySysTickSetCallback
                0x00000000       0x10 .\CortexM3\ARM_GCC_541\Debug\CY_CKIT_TEST.a(CyLib.o)
 .text.CySysTickGetCallback
                0x00000000       0x10 .\CortexM3\ARM_GCC_541\Debug\CY_CKIT_TEST.a(CyLib.o)
 .text.CyGetUniqueId
                0x00000000       0x70 .\CortexM3\ARM_GCC_541\Debug\CY_CKIT_TEST.a(CyLib.o)
 .text          0x00000000        0x0 .\CortexM3\ARM_GCC_541\Debug\CY_CKIT_TEST.a(cyPm.o)
 .data          0x00000000        0x0 .\CortexM3\ARM_GCC_541\Debug\CY_CKIT_TEST.a(cyPm.o)
 .bss           0x00000000       0x43 .\CortexM3\ARM_GCC_541\Debug\CY_CKIT_TEST.a(cyPm.o)
 .text.CyPmHibSlpSaveSet
                0x00000000      0x1dc .\CortexM3\ARM_GCC_541\Debug\CY_CKIT_TEST.a(cyPm.o)
 .text.CyPmHibSlpRestore
                0x00000000       0xd8 .\CortexM3\ARM_GCC_541\Debug\CY_CKIT_TEST.a(cyPm.o)
 .text.CyPmHviLviSaveDisable
                0x00000000       0xa0 .\CortexM3\ARM_GCC_541\Debug\CY_CKIT_TEST.a(cyPm.o)
 .text.CyPmHibSaveSet
                0x00000000       0x98 .\CortexM3\ARM_GCC_541\Debug\CY_CKIT_TEST.a(cyPm.o)
 .text.CyPmHviLviRestore
                0x00000000       0x48 .\CortexM3\ARM_GCC_541\Debug\CY_CKIT_TEST.a(cyPm.o)
 .text.CyPmHibRestore
                0x00000000       0x60 .\CortexM3\ARM_GCC_541\Debug\CY_CKIT_TEST.a(cyPm.o)
 .text.CyPmSaveClocks
                0x00000000      0x218 .\CortexM3\ARM_GCC_541\Debug\CY_CKIT_TEST.a(cyPm.o)
 .text.CyPmRestoreClocks
                0x00000000      0x24c .\CortexM3\ARM_GCC_541\Debug\CY_CKIT_TEST.a(cyPm.o)
 .text.CyPmAltAct
                0x00000000       0x6c .\CortexM3\ARM_GCC_541\Debug\CY_CKIT_TEST.a(cyPm.o)
 .text.CyPmSleep
                0x00000000       0xf4 .\CortexM3\ARM_GCC_541\Debug\CY_CKIT_TEST.a(cyPm.o)
 .text.CyPmHibernateEx
                0x00000000       0xf4 .\CortexM3\ARM_GCC_541\Debug\CY_CKIT_TEST.a(cyPm.o)
 .text.CyPmHibernate
                0x00000000        0xc .\CortexM3\ARM_GCC_541\Debug\CY_CKIT_TEST.a(cyPm.o)
 .text.CyPmReadStatus
                0x00000000       0x30 .\CortexM3\ARM_GCC_541\Debug\CY_CKIT_TEST.a(cyPm.o)
 .text.CyPmCtwSetInterval
                0x00000000       0x5c .\CortexM3\ARM_GCC_541\Debug\CY_CKIT_TEST.a(cyPm.o)
 .text.CyPmOppsSet
                0x00000000       0x2c .\CortexM3\ARM_GCC_541\Debug\CY_CKIT_TEST.a(cyPm.o)
 .text.CyPmFtwSetInterval
                0x00000000       0x5c .\CortexM3\ARM_GCC_541\Debug\CY_CKIT_TEST.a(cyPm.o)
 .rodata        0x00000000        0xf .\CortexM3\ARM_GCC_541\Debug\CY_CKIT_TEST.a(cyPm.o)
 .text          0x00000000        0x0 .\CortexM3\ARM_GCC_541\Debug\CY_CKIT_TEST.a(PWM_BACK.o)
 .data          0x00000000        0x0 .\CortexM3\ARM_GCC_541\Debug\CY_CKIT_TEST.a(PWM_BACK.o)
 .text.PWM_BACK_Stop
                0x00000000       0x10 .\CortexM3\ARM_GCC_541\Debug\CY_CKIT_TEST.a(PWM_BACK.o)
 .text.PWM_BACK_ReadCounter
                0x00000000       0x14 .\CortexM3\ARM_GCC_541\Debug\CY_CKIT_TEST.a(PWM_BACK.o)
 .text.PWM_BACK_ReadControlRegister
                0x00000000        0xc .\CortexM3\ARM_GCC_541\Debug\CY_CKIT_TEST.a(PWM_BACK.o)
 .text.PWM_BACK_WriteControlRegister
                0x00000000        0xc .\CortexM3\ARM_GCC_541\Debug\CY_CKIT_TEST.a(PWM_BACK.o)
 .text.PWM_BACK_ReadCompare1
                0x00000000        0xc .\CortexM3\ARM_GCC_541\Debug\CY_CKIT_TEST.a(PWM_BACK.o)
 .text.PWM_BACK_ReadCompare2
                0x00000000        0xc .\CortexM3\ARM_GCC_541\Debug\CY_CKIT_TEST.a(PWM_BACK.o)
 .text.PWM_BACK_ReadPeriod
                0x00000000        0xc .\CortexM3\ARM_GCC_541\Debug\CY_CKIT_TEST.a(PWM_BACK.o)
 .text          0x00000000        0x0 .\CortexM3\ARM_GCC_541\Debug\CY_CKIT_TEST.a(PWM_FRONT.o)
 .data          0x00000000        0x0 .\CortexM3\ARM_GCC_541\Debug\CY_CKIT_TEST.a(PWM_FRONT.o)
 .text.PWM_FRONT_Stop
                0x00000000       0x10 .\CortexM3\ARM_GCC_541\Debug\CY_CKIT_TEST.a(PWM_FRONT.o)
 .text.PWM_FRONT_ReadCounter
                0x00000000       0x14 .\CortexM3\ARM_GCC_541\Debug\CY_CKIT_TEST.a(PWM_FRONT.o)
 .text.PWM_FRONT_ReadControlRegister
                0x00000000        0xc .\CortexM3\ARM_GCC_541\Debug\CY_CKIT_TEST.a(PWM_FRONT.o)
 .text.PWM_FRONT_WriteControlRegister
                0x00000000        0xc .\CortexM3\ARM_GCC_541\Debug\CY_CKIT_TEST.a(PWM_FRONT.o)
 .text.PWM_FRONT_ReadCompare1
                0x00000000        0xc .\CortexM3\ARM_GCC_541\Debug\CY_CKIT_TEST.a(PWM_FRONT.o)
 .text.PWM_FRONT_ReadCompare2
                0x00000000        0xc .\CortexM3\ARM_GCC_541\Debug\CY_CKIT_TEST.a(PWM_FRONT.o)
 .text.PWM_FRONT_ReadPeriod
                0x00000000        0xc .\CortexM3\ARM_GCC_541\Debug\CY_CKIT_TEST.a(PWM_FRONT.o)
 .text          0x00000000        0x0 .\CortexM3\ARM_GCC_541\Debug\CY_CKIT_TEST.a(inter_uart.o)
 .data          0x00000000        0x0 .\CortexM3\ARM_GCC_541\Debug\CY_CKIT_TEST.a(inter_uart.o)
 .bss           0x00000000        0x0 .\CortexM3\ARM_GCC_541\Debug\CY_CKIT_TEST.a(inter_uart.o)
 .text.inter_uart_Interrupt
                0x00000000        0x4 .\CortexM3\ARM_GCC_541\Debug\CY_CKIT_TEST.a(inter_uart.o)
 .text.inter_uart_GetVector
                0x00000000        0xc .\CortexM3\ARM_GCC_541\Debug\CY_CKIT_TEST.a(inter_uart.o)
 .text.inter_uart_GetPriority
                0x00000000        0xc .\CortexM3\ARM_GCC_541\Debug\CY_CKIT_TEST.a(inter_uart.o)
 .text.inter_uart_GetState
                0x00000000       0x10 .\CortexM3\ARM_GCC_541\Debug\CY_CKIT_TEST.a(inter_uart.o)
 .text.inter_uart_Start
                0x00000000       0x1c .\CortexM3\ARM_GCC_541\Debug\CY_CKIT_TEST.a(inter_uart.o)
 .text.inter_uart_Stop
                0x00000000       0x14 .\CortexM3\ARM_GCC_541\Debug\CY_CKIT_TEST.a(inter_uart.o)
 .text.inter_uart_SetPending
                0x00000000        0xc .\CortexM3\ARM_GCC_541\Debug\CY_CKIT_TEST.a(inter_uart.o)
 .text.inter_uart_ClearPending
                0x00000000        0xc .\CortexM3\ARM_GCC_541\Debug\CY_CKIT_TEST.a(inter_uart.o)
 .text          0x00000000        0x0 .\CortexM3\ARM_GCC_541\Debug\CY_CKIT_TEST.a(UART_XBEE.o)
 .data          0x00000000        0x0 .\CortexM3\ARM_GCC_541\Debug\CY_CKIT_TEST.a(UART_XBEE.o)
 .text.UART_XBEE_Stop
                0x00000000       0x30 .\CortexM3\ARM_GCC_541\Debug\CY_CKIT_TEST.a(UART_XBEE.o)
 .text.UART_XBEE_ReadControlRegister
                0x00000000        0x4 .\CortexM3\ARM_GCC_541\Debug\CY_CKIT_TEST.a(UART_XBEE.o)
 .text.UART_XBEE_WriteControlRegister
                0x00000000        0x4 .\CortexM3\ARM_GCC_541\Debug\CY_CKIT_TEST.a(UART_XBEE.o)
 .text.UART_XBEE_SetRxInterruptMode
                0x00000000        0xc .\CortexM3\ARM_GCC_541\Debug\CY_CKIT_TEST.a(UART_XBEE.o)
 .text.UART_XBEE_ReadRxData
                0x00000000        0xc .\CortexM3\ARM_GCC_541\Debug\CY_CKIT_TEST.a(UART_XBEE.o)
 .text.UART_XBEE_ReadRxStatus
                0x00000000       0x10 .\CortexM3\ARM_GCC_541\Debug\CY_CKIT_TEST.a(UART_XBEE.o)
 .text.UART_XBEE_GetByte
                0x00000000       0x14 .\CortexM3\ARM_GCC_541\Debug\CY_CKIT_TEST.a(UART_XBEE.o)
 .text.UART_XBEE_GetRxBufferSize
                0x00000000       0x18 .\CortexM3\ARM_GCC_541\Debug\CY_CKIT_TEST.a(UART_XBEE.o)
 .text.UART_XBEE_ClearRxBuffer
                0x00000000       0x24 .\CortexM3\ARM_GCC_541\Debug\CY_CKIT_TEST.a(UART_XBEE.o)
 .text.UART_XBEE_SetRxAddressMode
                0x00000000        0x4 .\CortexM3\ARM_GCC_541\Debug\CY_CKIT_TEST.a(UART_XBEE.o)
 .text.UART_XBEE_SetRxAddress1
                0x00000000        0xc .\CortexM3\ARM_GCC_541\Debug\CY_CKIT_TEST.a(UART_XBEE.o)
 .text.UART_XBEE_SetRxAddress2
                0x00000000        0xc .\CortexM3\ARM_GCC_541\Debug\CY_CKIT_TEST.a(UART_XBEE.o)
 .text          0x00000000        0x0 .\CortexM3\ARM_GCC_541\Debug\CY_CKIT_TEST.a(UART_XBEE_IntClock.o)
 .data          0x00000000        0x0 .\CortexM3\ARM_GCC_541\Debug\CY_CKIT_TEST.a(UART_XBEE_IntClock.o)
 .bss           0x00000000        0x0 .\CortexM3\ARM_GCC_541\Debug\CY_CKIT_TEST.a(UART_XBEE_IntClock.o)
 .text.UART_XBEE_IntClock_Stop
                0x00000000       0x1c .\CortexM3\ARM_GCC_541\Debug\CY_CKIT_TEST.a(UART_XBEE_IntClock.o)
 .text.UART_XBEE_IntClock_StopBlock
                0x00000000       0x6c .\CortexM3\ARM_GCC_541\Debug\CY_CKIT_TEST.a(UART_XBEE_IntClock.o)
 .text.UART_XBEE_IntClock_StandbyPower
                0x00000000       0x20 .\CortexM3\ARM_GCC_541\Debug\CY_CKIT_TEST.a(UART_XBEE_IntClock.o)
 .text.UART_XBEE_IntClock_GetDividerRegister
                0x00000000        0xc .\CortexM3\ARM_GCC_541\Debug\CY_CKIT_TEST.a(UART_XBEE_IntClock.o)
 .text.UART_XBEE_IntClock_SetModeRegister
                0x00000000       0x14 .\CortexM3\ARM_GCC_541\Debug\CY_CKIT_TEST.a(UART_XBEE_IntClock.o)
 .text.UART_XBEE_IntClock_ClearModeRegister
                0x00000000       0x18 .\CortexM3\ARM_GCC_541\Debug\CY_CKIT_TEST.a(UART_XBEE_IntClock.o)
 .text.UART_XBEE_IntClock_GetModeRegister
                0x00000000       0x10 .\CortexM3\ARM_GCC_541\Debug\CY_CKIT_TEST.a(UART_XBEE_IntClock.o)
 .text.UART_XBEE_IntClock_GetSourceRegister
                0x00000000       0x10 .\CortexM3\ARM_GCC_541\Debug\CY_CKIT_TEST.a(UART_XBEE_IntClock.o)
 .text.UART_XBEE_IntClock_SetDividerRegister
                0x00000000       0xd8 .\CortexM3\ARM_GCC_541\Debug\CY_CKIT_TEST.a(UART_XBEE_IntClock.o)
 .text.UART_XBEE_IntClock_SetSourceRegister
                0x00000000       0x5c .\CortexM3\ARM_GCC_541\Debug\CY_CKIT_TEST.a(UART_XBEE_IntClock.o)
 .text          0x00000000        0x0 .\CortexM3\ARM_GCC_541\Debug\CY_CKIT_TEST.a(IN_B2_AR_G.o)
 .data          0x00000000        0x0 .\CortexM3\ARM_GCC_541\Debug\CY_CKIT_TEST.a(IN_B2_AR_G.o)
 .bss           0x00000000        0x0 .\CortexM3\ARM_GCC_541\Debug\CY_CKIT_TEST.a(IN_B2_AR_G.o)
 .text.IN_B2_AR_G_SetDriveMode
                0x00000000       0x18 .\CortexM3\ARM_GCC_541\Debug\CY_CKIT_TEST.a(IN_B2_AR_G.o)
 .text.IN_B2_AR_G_Read
                0x00000000       0x10 .\CortexM3\ARM_GCC_541\Debug\CY_CKIT_TEST.a(IN_B2_AR_G.o)
 .text.IN_B2_AR_G_ReadDataReg
                0x00000000       0x10 .\CortexM3\ARM_GCC_541\Debug\CY_CKIT_TEST.a(IN_B2_AR_G.o)
 .text          0x00000000        0x0 .\CortexM3\ARM_GCC_541\Debug\CY_CKIT_TEST.a(IN_A2_AR_G.o)
 .data          0x00000000        0x0 .\CortexM3\ARM_GCC_541\Debug\CY_CKIT_TEST.a(IN_A2_AR_G.o)
 .bss           0x00000000        0x0 .\CortexM3\ARM_GCC_541\Debug\CY_CKIT_TEST.a(IN_A2_AR_G.o)
 .text.IN_A2_AR_G_SetDriveMode
                0x00000000       0x18 .\CortexM3\ARM_GCC_541\Debug\CY_CKIT_TEST.a(IN_A2_AR_G.o)
 .text.IN_A2_AR_G_Read
                0x00000000        0xc .\CortexM3\ARM_GCC_541\Debug\CY_CKIT_TEST.a(IN_A2_AR_G.o)
 .text.IN_A2_AR_G_ReadDataReg
                0x00000000        0xc .\CortexM3\ARM_GCC_541\Debug\CY_CKIT_TEST.a(IN_A2_AR_G.o)
 .text          0x00000000        0x0 .\CortexM3\ARM_GCC_541\Debug\CY_CKIT_TEST.a(IN_A1_AR_D.o)
 .data          0x00000000        0x0 .\CortexM3\ARM_GCC_541\Debug\CY_CKIT_TEST.a(IN_A1_AR_D.o)
 .bss           0x00000000        0x0 .\CortexM3\ARM_GCC_541\Debug\CY_CKIT_TEST.a(IN_A1_AR_D.o)
 .text.IN_A1_AR_D_SetDriveMode
                0x00000000       0x18 .\CortexM3\ARM_GCC_541\Debug\CY_CKIT_TEST.a(IN_A1_AR_D.o)
 .text.IN_A1_AR_D_Read
                0x00000000       0x10 .\CortexM3\ARM_GCC_541\Debug\CY_CKIT_TEST.a(IN_A1_AR_D.o)
 .text.IN_A1_AR_D_ReadDataReg
                0x00000000       0x10 .\CortexM3\ARM_GCC_541\Debug\CY_CKIT_TEST.a(IN_A1_AR_D.o)
 .text          0x00000000        0x0 .\CortexM3\ARM_GCC_541\Debug\CY_CKIT_TEST.a(IN_B1_AR_D.o)
 .data          0x00000000        0x0 .\CortexM3\ARM_GCC_541\Debug\CY_CKIT_TEST.a(IN_B1_AR_D.o)
 .bss           0x00000000        0x0 .\CortexM3\ARM_GCC_541\Debug\CY_CKIT_TEST.a(IN_B1_AR_D.o)
 .text.IN_B1_AR_D_SetDriveMode
                0x00000000       0x18 .\CortexM3\ARM_GCC_541\Debug\CY_CKIT_TEST.a(IN_B1_AR_D.o)
 .text.IN_B1_AR_D_Read
                0x00000000       0x10 .\CortexM3\ARM_GCC_541\Debug\CY_CKIT_TEST.a(IN_B1_AR_D.o)
 .text.IN_B1_AR_D_ReadDataReg
                0x00000000       0x10 .\CortexM3\ARM_GCC_541\Debug\CY_CKIT_TEST.a(IN_B1_AR_D.o)
 .text          0x00000000        0x0 .\CortexM3\ARM_GCC_541\Debug\CY_CKIT_TEST.a(IN_A2_AV_D.o)
 .data          0x00000000        0x0 .\CortexM3\ARM_GCC_541\Debug\CY_CKIT_TEST.a(IN_A2_AV_D.o)
 .bss           0x00000000        0x0 .\CortexM3\ARM_GCC_541\Debug\CY_CKIT_TEST.a(IN_A2_AV_D.o)
 .text.IN_A2_AV_D_SetDriveMode
                0x00000000       0x18 .\CortexM3\ARM_GCC_541\Debug\CY_CKIT_TEST.a(IN_A2_AV_D.o)
 .text.IN_A2_AV_D_Read
                0x00000000       0x10 .\CortexM3\ARM_GCC_541\Debug\CY_CKIT_TEST.a(IN_A2_AV_D.o)
 .text.IN_A2_AV_D_ReadDataReg
                0x00000000       0x10 .\CortexM3\ARM_GCC_541\Debug\CY_CKIT_TEST.a(IN_A2_AV_D.o)
 .text          0x00000000        0x0 .\CortexM3\ARM_GCC_541\Debug\CY_CKIT_TEST.a(IN_B2_AV_D.o)
 .data          0x00000000        0x0 .\CortexM3\ARM_GCC_541\Debug\CY_CKIT_TEST.a(IN_B2_AV_D.o)
 .bss           0x00000000        0x0 .\CortexM3\ARM_GCC_541\Debug\CY_CKIT_TEST.a(IN_B2_AV_D.o)
 .text.IN_B2_AV_D_SetDriveMode
                0x00000000       0x18 .\CortexM3\ARM_GCC_541\Debug\CY_CKIT_TEST.a(IN_B2_AV_D.o)
 .text.IN_B2_AV_D_Read
                0x00000000        0xc .\CortexM3\ARM_GCC_541\Debug\CY_CKIT_TEST.a(IN_B2_AV_D.o)
 .text.IN_B2_AV_D_ReadDataReg
                0x00000000        0xc .\CortexM3\ARM_GCC_541\Debug\CY_CKIT_TEST.a(IN_B2_AV_D.o)
 .text          0x00000000        0x0 .\CortexM3\ARM_GCC_541\Debug\CY_CKIT_TEST.a(IN_A1_AV_G.o)
 .data          0x00000000        0x0 .\CortexM3\ARM_GCC_541\Debug\CY_CKIT_TEST.a(IN_A1_AV_G.o)
 .bss           0x00000000        0x0 .\CortexM3\ARM_GCC_541\Debug\CY_CKIT_TEST.a(IN_A1_AV_G.o)
 .text.IN_A1_AV_G_SetDriveMode
                0x00000000       0x18 .\CortexM3\ARM_GCC_541\Debug\CY_CKIT_TEST.a(IN_A1_AV_G.o)
 .text.IN_A1_AV_G_Read
                0x00000000       0x10 .\CortexM3\ARM_GCC_541\Debug\CY_CKIT_TEST.a(IN_A1_AV_G.o)
 .text.IN_A1_AV_G_ReadDataReg
                0x00000000       0x10 .\CortexM3\ARM_GCC_541\Debug\CY_CKIT_TEST.a(IN_A1_AV_G.o)
 .text          0x00000000        0x0 .\CortexM3\ARM_GCC_541\Debug\CY_CKIT_TEST.a(IN_B1_AV_G.o)
 .data          0x00000000        0x0 .\CortexM3\ARM_GCC_541\Debug\CY_CKIT_TEST.a(IN_B1_AV_G.o)
 .bss           0x00000000        0x0 .\CortexM3\ARM_GCC_541\Debug\CY_CKIT_TEST.a(IN_B1_AV_G.o)
 .text.IN_B1_AV_G_SetDriveMode
                0x00000000       0x18 .\CortexM3\ARM_GCC_541\Debug\CY_CKIT_TEST.a(IN_B1_AV_G.o)
 .text.IN_B1_AV_G_Read
                0x00000000       0x10 .\CortexM3\ARM_GCC_541\Debug\CY_CKIT_TEST.a(IN_B1_AV_G.o)
 .text.IN_B1_AV_G_ReadDataReg
                0x00000000       0x10 .\CortexM3\ARM_GCC_541\Debug\CY_CKIT_TEST.a(IN_B1_AV_G.o)
 .data          0x00000000        0x0 .\CortexM3\ARM_GCC_541\Debug\CY_CKIT_TEST.a(CyBootAsmGnu.o)
 .bss           0x00000000        0x0 .\CortexM3\ARM_GCC_541\Debug\CY_CKIT_TEST.a(CyBootAsmGnu.o)
 .text          0x00000000        0x0 .\CortexM3\ARM_GCC_541\Debug\CY_CKIT_TEST.a(CyFlash.o)
 .data          0x00000000        0x0 .\CortexM3\ARM_GCC_541\Debug\CY_CKIT_TEST.a(CyFlash.o)
 .bss           0x00000000        0x0 .\CortexM3\ARM_GCC_541\Debug\CY_CKIT_TEST.a(CyFlash.o)
 .text.CySetTempInt
                0x00000000       0x60 .\CortexM3\ARM_GCC_541\Debug\CY_CKIT_TEST.a(CyFlash.o)
 .text.CyFlash_Start
                0x00000000       0x54 .\CortexM3\ARM_GCC_541\Debug\CY_CKIT_TEST.a(CyFlash.o)
 .text.CyFlash_Stop
                0x00000000       0x24 .\CortexM3\ARM_GCC_541\Debug\CY_CKIT_TEST.a(CyFlash.o)
 .text.CyFlash_EraseRow
                0x00000000       0x78 .\CortexM3\ARM_GCC_541\Debug\CY_CKIT_TEST.a(CyFlash.o)
 .text.CyFlashGetSpcAlgorithm
                0x00000000       0x4c .\CortexM3\ARM_GCC_541\Debug\CY_CKIT_TEST.a(CyFlash.o)
 .text.CySetTemp
                0x00000000       0x14 .\CortexM3\ARM_GCC_541\Debug\CY_CKIT_TEST.a(CyFlash.o)
 .text.CySetFlashEEBuffer
                0x00000000       0x20 .\CortexM3\ARM_GCC_541\Debug\CY_CKIT_TEST.a(CyFlash.o)
 .text.CyWriteRowFull
                0x00000000       0xf8 .\CortexM3\ARM_GCC_541\Debug\CY_CKIT_TEST.a(CyFlash.o)
 .text.CyWriteRowData
                0x00000000       0x14 .\CortexM3\ARM_GCC_541\Debug\CY_CKIT_TEST.a(CyFlash.o)
 .text.CyFlash_SetWaitCycles
                0x00000000       0x7c .\CortexM3\ARM_GCC_541\Debug\CY_CKIT_TEST.a(CyFlash.o)
 .text.CyEEPROM_Start
                0x00000000       0x54 .\CortexM3\ARM_GCC_541\Debug\CY_CKIT_TEST.a(CyFlash.o)
 .text.CyEEPROM_Stop
                0x00000000       0x24 .\CortexM3\ARM_GCC_541\Debug\CY_CKIT_TEST.a(CyFlash.o)
 .text.CyEEPROM_ReadReserve
                0x00000000       0x1c .\CortexM3\ARM_GCC_541\Debug\CY_CKIT_TEST.a(CyFlash.o)
 .text.CyEEPROM_ReadRelease
                0x00000000       0x10 .\CortexM3\ARM_GCC_541\Debug\CY_CKIT_TEST.a(CyFlash.o)
 COMMON         0x00000000        0x2 .\CortexM3\ARM_GCC_541\Debug\CY_CKIT_TEST.a(CyFlash.o)
 .text          0x00000000        0x0 .\CortexM3\ARM_GCC_541\Debug\CY_CKIT_TEST.a(CySpc.o)
 .data          0x00000000        0x0 .\CortexM3\ARM_GCC_541\Debug\CY_CKIT_TEST.a(CySpc.o)
 .bss           0x00000000        0x8 .\CortexM3\ARM_GCC_541\Debug\CY_CKIT_TEST.a(CySpc.o)
 .text.CySpcStart
                0x00000000       0x24 .\CortexM3\ARM_GCC_541\Debug\CY_CKIT_TEST.a(CySpc.o)
 .text.CySpcStop
                0x00000000       0x24 .\CortexM3\ARM_GCC_541\Debug\CY_CKIT_TEST.a(CySpc.o)
 .text.CySpcReadData
                0x00000000       0x34 .\CortexM3\ARM_GCC_541\Debug\CY_CKIT_TEST.a(CySpc.o)
 .text.CySpcLoadMultiByte
                0x00000000       0x78 .\CortexM3\ARM_GCC_541\Debug\CY_CKIT_TEST.a(CySpc.o)
 .text.CySpcLoadRow
                0x00000000       0x50 .\CortexM3\ARM_GCC_541\Debug\CY_CKIT_TEST.a(CySpc.o)
 .text.CySpcLoadRowFull
                0x00000000       0x80 .\CortexM3\ARM_GCC_541\Debug\CY_CKIT_TEST.a(CySpc.o)
 .text.CySpcWriteRow
                0x00000000       0x4c .\CortexM3\ARM_GCC_541\Debug\CY_CKIT_TEST.a(CySpc.o)
 .text.CySpcEraseSector
                0x00000000       0x3c .\CortexM3\ARM_GCC_541\Debug\CY_CKIT_TEST.a(CySpc.o)
 .text.CySpcEraseRow
                0x00000000       0x4c .\CortexM3\ARM_GCC_541\Debug\CY_CKIT_TEST.a(CySpc.o)
 .text.CySpcGetTemp
                0x00000000       0x3c .\CortexM3\ARM_GCC_541\Debug\CY_CKIT_TEST.a(CySpc.o)
 .text.CySpcLock
                0x00000000       0x4c .\CortexM3\ARM_GCC_541\Debug\CY_CKIT_TEST.a(CySpc.o)
 .text.CySpcUnlock
                0x00000000       0x38 .\CortexM3\ARM_GCC_541\Debug\CY_CKIT_TEST.a(CySpc.o)
 .text.CySpcGetAlgorithm
                0x00000000       0x28 .\CortexM3\ARM_GCC_541\Debug\CY_CKIT_TEST.a(CySpc.o)
 .text          0x00000000        0x0 c:/program files (x86)/cypress/psoc creator/4.4/psoc creator/import/gnu/arm/5.4.1/bin/../lib/gcc/arm-none-eabi/5.4.1/../../../../arm-none-eabi/lib/armv7-m\libg_nano.a(lib_a-errno.o)
 .data          0x00000000        0x0 c:/program files (x86)/cypress/psoc creator/4.4/psoc creator/import/gnu/arm/5.4.1/bin/../lib/gcc/arm-none-eabi/5.4.1/../../../../arm-none-eabi/lib/armv7-m\libg_nano.a(lib_a-errno.o)
 .bss           0x00000000        0x0 c:/program files (x86)/cypress/psoc creator/4.4/psoc creator/import/gnu/arm/5.4.1/bin/../lib/gcc/arm-none-eabi/5.4.1/../../../../arm-none-eabi/lib/armv7-m\libg_nano.a(lib_a-errno.o)
 .text          0x00000000        0x0 c:/program files (x86)/cypress/psoc creator/4.4/psoc creator/import/gnu/arm/5.4.1/bin/../lib/gcc/arm-none-eabi/5.4.1/../../../../arm-none-eabi/lib/armv7-m\libg_nano.a(lib_a-exit.o)
 .data          0x00000000        0x0 c:/program files (x86)/cypress/psoc creator/4.4/psoc creator/import/gnu/arm/5.4.1/bin/../lib/gcc/arm-none-eabi/5.4.1/../../../../arm-none-eabi/lib/armv7-m\libg_nano.a(lib_a-exit.o)
 .bss           0x00000000        0x0 c:/program files (x86)/cypress/psoc creator/4.4/psoc creator/import/gnu/arm/5.4.1/bin/../lib/gcc/arm-none-eabi/5.4.1/../../../../arm-none-eabi/lib/armv7-m\libg_nano.a(lib_a-exit.o)
 .text.exit     0x00000000       0x28 c:/program files (x86)/cypress/psoc creator/4.4/psoc creator/import/gnu/arm/5.4.1/bin/../lib/gcc/arm-none-eabi/5.4.1/../../../../arm-none-eabi/lib/armv7-m\libg_nano.a(lib_a-exit.o)
 .text          0x00000000        0x0 c:/program files (x86)/cypress/psoc creator/4.4/psoc creator/import/gnu/arm/5.4.1/bin/../lib/gcc/arm-none-eabi/5.4.1/../../../../arm-none-eabi/lib/armv7-m\libg_nano.a(lib_a-impure.o)
 .data          0x00000000        0x0 c:/program files (x86)/cypress/psoc creator/4.4/psoc creator/import/gnu/arm/5.4.1/bin/../lib/gcc/arm-none-eabi/5.4.1/../../../../arm-none-eabi/lib/armv7-m\libg_nano.a(lib_a-impure.o)
 .bss           0x00000000        0x0 c:/program files (x86)/cypress/psoc creator/4.4/psoc creator/import/gnu/arm/5.4.1/bin/../lib/gcc/arm-none-eabi/5.4.1/../../../../arm-none-eabi/lib/armv7-m\libg_nano.a(lib_a-impure.o)
 .rodata._global_impure_ptr
                0x00000000        0x4 c:/program files (x86)/cypress/psoc creator/4.4/psoc creator/import/gnu/arm/5.4.1/bin/../lib/gcc/arm-none-eabi/5.4.1/../../../../arm-none-eabi/lib/armv7-m\libg_nano.a(lib_a-impure.o)
 .text          0x00000000        0x0 c:/program files (x86)/cypress/psoc creator/4.4/psoc creator/import/gnu/arm/5.4.1/bin/../lib/gcc/arm-none-eabi/5.4.1/../../../../arm-none-eabi/lib/armv7-m\libg_nano.a(lib_a-init.o)
 .data          0x00000000        0x0 c:/program files (x86)/cypress/psoc creator/4.4/psoc creator/import/gnu/arm/5.4.1/bin/../lib/gcc/arm-none-eabi/5.4.1/../../../../arm-none-eabi/lib/armv7-m\libg_nano.a(lib_a-init.o)
 .bss           0x00000000        0x0 c:/program files (x86)/cypress/psoc creator/4.4/psoc creator/import/gnu/arm/5.4.1/bin/../lib/gcc/arm-none-eabi/5.4.1/../../../../arm-none-eabi/lib/armv7-m\libg_nano.a(lib_a-init.o)
 .text          0x00000000        0x0 c:/program files (x86)/cypress/psoc creator/4.4/psoc creator/import/gnu/arm/5.4.1/bin/../lib/gcc/arm-none-eabi/5.4.1/../../../../arm-none-eabi/lib/armv7-m\libg_nano.a(lib_a-memcpy-stub.o)
 .data          0x00000000        0x0 c:/program files (x86)/cypress/psoc creator/4.4/psoc creator/import/gnu/arm/5.4.1/bin/../lib/gcc/arm-none-eabi/5.4.1/../../../../arm-none-eabi/lib/armv7-m\libg_nano.a(lib_a-memcpy-stub.o)
 .bss           0x00000000        0x0 c:/program files (x86)/cypress/psoc creator/4.4/psoc creator/import/gnu/arm/5.4.1/bin/../lib/gcc/arm-none-eabi/5.4.1/../../../../arm-none-eabi/lib/armv7-m\libg_nano.a(lib_a-memcpy-stub.o)
 .text          0x00000000        0x0 c:/program files (x86)/cypress/psoc creator/4.4/psoc creator/import/gnu/arm/5.4.1/bin/../lib/gcc/arm-none-eabi/5.4.1/../../../../arm-none-eabi/lib/armv7-m\libg_nano.a(lib_a-memset.o)
 .data          0x00000000        0x0 c:/program files (x86)/cypress/psoc creator/4.4/psoc creator/import/gnu/arm/5.4.1/bin/../lib/gcc/arm-none-eabi/5.4.1/../../../../arm-none-eabi/lib/armv7-m\libg_nano.a(lib_a-memset.o)
 .bss           0x00000000        0x0 c:/program files (x86)/cypress/psoc creator/4.4/psoc creator/import/gnu/arm/5.4.1/bin/../lib/gcc/arm-none-eabi/5.4.1/../../../../arm-none-eabi/lib/armv7-m\libg_nano.a(lib_a-memset.o)
 .text          0x00000000        0x0 c:/program files (x86)/cypress/psoc creator/4.4/psoc creator/import/gnu/arm/5.4.1/bin/../lib/gcc/arm-none-eabi/5.4.1/armv7-m/crtend.o
 .data          0x00000000        0x0 c:/program files (x86)/cypress/psoc creator/4.4/psoc creator/import/gnu/arm/5.4.1/bin/../lib/gcc/arm-none-eabi/5.4.1/armv7-m/crtend.o
 .bss           0x00000000        0x0 c:/program files (x86)/cypress/psoc creator/4.4/psoc creator/import/gnu/arm/5.4.1/bin/../lib/gcc/arm-none-eabi/5.4.1/armv7-m/crtend.o
 .text          0x00000000        0x0 c:/program files (x86)/cypress/psoc creator/4.4/psoc creator/import/gnu/arm/5.4.1/bin/../lib/gcc/arm-none-eabi/5.4.1/armv7-m/crtn.o
 .data          0x00000000        0x0 c:/program files (x86)/cypress/psoc creator/4.4/psoc creator/import/gnu/arm/5.4.1/bin/../lib/gcc/arm-none-eabi/5.4.1/armv7-m/crtn.o
 .bss           0x00000000        0x0 c:/program files (x86)/cypress/psoc creator/4.4/psoc creator/import/gnu/arm/5.4.1/bin/../lib/gcc/arm-none-eabi/5.4.1/armv7-m/crtn.o

Memory Configuration

Name             Origin             Length             Attributes
rom              0x00000000         0x00040000         xr
ram              0x1fff8000         0x00010000         xrw
*default*        0x00000000         0xffffffff

Linker script and memory map

LOAD c:/program files (x86)/cypress/psoc creator/4.4/psoc creator/import/gnu/arm/5.4.1/bin/../lib/gcc/arm-none-eabi/5.4.1/armv7-m/crti.o
LOAD c:/program files (x86)/cypress/psoc creator/4.4/psoc creator/import/gnu/arm/5.4.1/bin/../lib/gcc/arm-none-eabi/5.4.1/armv7-m/crtbegin.o
LOAD c:/program files (x86)/cypress/psoc creator/4.4/psoc creator/import/gnu/arm/5.4.1/bin/../lib/gcc/arm-none-eabi/5.4.1/../../../../arm-none-eabi/lib/armv7-m/crt0.o
START GROUP
LOAD .\CortexM3\ARM_GCC_541\Debug\main.o
LOAD .\CortexM3\ARM_GCC_541\Debug\cyfitter_cfg.o
LOAD .\CortexM3\ARM_GCC_541\Debug\cymetadata.o
LOAD .\CortexM3\ARM_GCC_541\Debug\Cm3Start.o
LOAD .\CortexM3\ARM_GCC_541\Debug\CY_CKIT_TEST.a
LOAD C:\Program Files (x86)\Cypress\PSoC Creator\4.4\PSoC Creator\psoc\content\cycomponentlibrary\CyComponentLibrary.cylib\CortexM3\ARM_GCC_541\Debug\CyComponentLibrary.a
END GROUP
START GROUP
LOAD c:/program files (x86)/cypress/psoc creator/4.4/psoc creator/import/gnu/arm/5.4.1/bin/../lib/gcc/arm-none-eabi/5.4.1/armv7-m\libgcc.a
LOAD c:/program files (x86)/cypress/psoc creator/4.4/psoc creator/import/gnu/arm/5.4.1/bin/../lib/gcc/arm-none-eabi/5.4.1/../../../../arm-none-eabi/lib/armv7-m\libg_nano.a
LOAD c:/program files (x86)/cypress/psoc creator/4.4/psoc creator/import/gnu/arm/5.4.1/bin/../lib/gcc/arm-none-eabi/5.4.1/../../../../arm-none-eabi/lib/armv7-m\libc_nano.a
END GROUP
START GROUP
LOAD c:/program files (x86)/cypress/psoc creator/4.4/psoc creator/import/gnu/arm/5.4.1/bin/../lib/gcc/arm-none-eabi/5.4.1/armv7-m\libgcc.a
LOAD c:/program files (x86)/cypress/psoc creator/4.4/psoc creator/import/gnu/arm/5.4.1/bin/../lib/gcc/arm-none-eabi/5.4.1/../../../../arm-none-eabi/lib/armv7-m\libc_nano.a
END GROUP
LOAD c:/program files (x86)/cypress/psoc creator/4.4/psoc creator/import/gnu/arm/5.4.1/bin/../lib/gcc/arm-none-eabi/5.4.1/armv7-m/crtend.o
LOAD c:/program files (x86)/cypress/psoc creator/4.4/psoc creator/import/gnu/arm/5.4.1/bin/../lib/gcc/arm-none-eabi/5.4.1/armv7-m/crtn.o
START GROUP
LOAD c:/program files (x86)/cypress/psoc creator/4.4/psoc creator/import/gnu/arm/5.4.1/bin/../lib/gcc/arm-none-eabi/5.4.1/armv7-m\libgcc.a
LOAD c:/program files (x86)/cypress/psoc creator/4.4/psoc creator/import/gnu/arm/5.4.1/bin/../lib/gcc/arm-none-eabi/5.4.1/../../../../arm-none-eabi/lib/armv7-m\libc.a
LOAD c:/program files (x86)/cypress/psoc creator/4.4/psoc creator/import/gnu/arm/5.4.1/bin/../lib/gcc/arm-none-eabi/5.4.1/../../../../arm-none-eabi/lib/armv7-m\libnosys.a
END GROUP
                0x00000000                CY_APPL_ORIGIN = 0x0
                0x00000100                CY_FLASH_ROW_SIZE = 0x100
                0x00000020                CY_ECC_ROW_SIZE = 0x20
                0x00000000                CY_EE_IN_BTLDR = 0x0
                0x00000000                CY_APPL_LOADABLE = 0x0
                0x00000800                CY_EE_SIZE = 0x800
                0x00000001                CY_APPL_NUM = 0x1
                0x00000001                CY_APPL_MAX = 0x1
                0x00000040                CY_METADATA_SIZE = 0x40
                0x00000000                CY_APPL_LOADABLE = 0x0
                0x00000000                CY_CHECKSUM_EXCLUDE_SIZE = ALIGN (0x0, CY_FLASH_ROW_SIZE)
                [!provide]                PROVIDE (__cy_heap_start, _end)
                0x00000001                PROVIDE (__cy_region_num, ((__cy_regions_end - __cy_regions) / 0x10))
                0x20008000                PROVIDE (__cy_stack, (ORIGIN (ram) + LENGTH (ram)))
                [!provide]                PROVIDE (__cy_heap_end, (__cy_stack - 0x800))

.cybootloader   0x00000000        0x0
 *(.cybootloader)
                0x00000000                appl1_start = CY_APPL_ORIGIN?CY_APPL_ORIGIN:ALIGN (CY_FLASH_ROW_SIZE)
                0x0001ff00                appl2_start = (appl1_start + ALIGN ((((LENGTH (rom) - appl1_start) - (0x2 * CY_FLASH_ROW_SIZE)) / 0x2), CY_FLASH_ROW_SIZE))
                0x00000000                appl_start = (CY_APPL_NUM == 0x1)?appl1_start:appl2_start
                0x00000000                ecc_offset = ((appl_start / CY_FLASH_ROW_SIZE) * CY_ECC_ROW_SIZE)
                0x00000000                ee_offset = (CY_APPL_LOADABLE && ! (CY_EE_IN_BTLDR))?((CY_EE_SIZE / CY_APPL_MAX) * (CY_APPL_NUM - 0x1)):0x0
                0x00000800                ee_size = (CY_APPL_LOADABLE && ! (CY_EE_IN_BTLDR))?(CY_EE_SIZE / CY_APPL_MAX):CY_EE_SIZE
                [!provide]                PROVIDE (CY_ECC_OFFSET, ecc_offset)

.text           0x00000000      0x9be
 CREATE_OBJECT_SYMBOLS
                0x00000000                PROVIDE (__cy_interrupt_vector, RomVectors)
 *(.romvectors)
 .romvectors    0x00000000       0x10 .\CortexM3\ARM_GCC_541\Debug\Cm3Start.o
                0x00000000                RomVectors
                0x00000001                ASSERT ((. != __cy_interrupt_vector), No interrupt vector)
                0x00000001                ASSERT (CY_APPL_ORIGIN?(SIZEOF (.cybootloader) <= CY_APPL_ORIGIN):0x1, Wrong image location)
                0x00000010                PROVIDE (__cy_reset, Reset)
 *(.text.Reset)
 .text.Reset    0x00000010       0x18 .\CortexM3\ARM_GCC_541\Debug\Cm3Start.o
                0x00000010                Reset
                0x00000001                ASSERT ((. != __cy_reset), No reset code)
 *(.dma_init)
                0x00000001                ASSERT ((((appl_start + .) <= 0x10000) || 0x1), DMA Init must be within the first 64k of flash)
 *(.text .text.* .gnu.linkonce.t.*)
 .text          0x00000028       0x5c c:/program files (x86)/cypress/psoc creator/4.4/psoc creator/import/gnu/arm/5.4.1/bin/../lib/gcc/arm-none-eabi/5.4.1/armv7-m/crtbegin.o
 .text.MyInter  0x00000084       0x1c .\CortexM3\ARM_GCC_541\Debug\main.o
                0x00000084                MyInter
 .text.main     0x000000a0      0x1cc .\CortexM3\ARM_GCC_541\Debug\main.o
                0x000000a0                main
 .text.CyClockStartupError
                0x0000026c        0x4 .\CortexM3\ARM_GCC_541\Debug\cyfitter_cfg.o
 .text.cfg_write_bytes32
                0x00000270       0x34 .\CortexM3\ARM_GCC_541\Debug\cyfitter_cfg.o
 .text.AnalogSetDefault
                0x000002a4       0x28 .\CortexM3\ARM_GCC_541\Debug\cyfitter_cfg.o
 .text.CYMEMZERO
                0x000002cc        0xc .\CortexM3\ARM_GCC_541\Debug\cyfitter_cfg.o
 .text.ClockSetup
                0x000002d8       0xd8 .\CortexM3\ARM_GCC_541\Debug\cyfitter_cfg.o
 .text.CYCONFIGCPY
                0x000003b0        0x8 .\CortexM3\ARM_GCC_541\Debug\cyfitter_cfg.o
 .text.cyfitter_cfg
                0x000003b8      0x114 .\CortexM3\ARM_GCC_541\Debug\cyfitter_cfg.o
                0x000003b8                cyfitter_cfg
 .text.IntDefaultHandler
                0x000004cc       0x10 .\CortexM3\ARM_GCC_541\Debug\Cm3Start.o
                0x000004cc                IntDefaultHandler
 .text.Start_c  0x000004dc       0x4c .\CortexM3\ARM_GCC_541\Debug\Cm3Start.o
                0x000004dc                Start_c
 .text.initialize_psoc
                0x00000528       0x68 .\CortexM3\ARM_GCC_541\Debug\Cm3Start.o
                0x00000528                initialize_psoc
 .text.PWM_BACK_Enable
                0x00000590       0x10 .\CortexM3\ARM_GCC_541\Debug\CY_CKIT_TEST.a(PWM_BACK.o)
                0x00000590                PWM_BACK_Enable
 .text.PWM_BACK_WriteCounter
                0x000005a0        0xc .\CortexM3\ARM_GCC_541\Debug\CY_CKIT_TEST.a(PWM_BACK.o)
                0x000005a0                PWM_BACK_WriteCounter
 .text.PWM_BACK_WritePeriod
                0x000005ac        0xc .\CortexM3\ARM_GCC_541\Debug\CY_CKIT_TEST.a(PWM_BACK.o)
                0x000005ac                PWM_BACK_WritePeriod
 .text.PWM_BACK_WriteCompare1
                0x000005b8        0xc .\CortexM3\ARM_GCC_541\Debug\CY_CKIT_TEST.a(PWM_BACK.o)
                0x000005b8                PWM_BACK_WriteCompare1
 .text.PWM_BACK_WriteCompare2
                0x000005c4        0xc .\CortexM3\ARM_GCC_541\Debug\CY_CKIT_TEST.a(PWM_BACK.o)
                0x000005c4                PWM_BACK_WriteCompare2
 .text.PWM_BACK_SetInterruptMode
                0x000005d0        0xc .\CortexM3\ARM_GCC_541\Debug\CY_CKIT_TEST.a(PWM_BACK.o)
                0x000005d0                PWM_BACK_SetInterruptMode
 .text.PWM_BACK_ReadStatusRegister
                0x000005dc        0xc .\CortexM3\ARM_GCC_541\Debug\CY_CKIT_TEST.a(PWM_BACK.o)
                0x000005dc                PWM_BACK_ReadStatusRegister
 .text.PWM_BACK_ReadCapture
                0x000005e8        0xc .\CortexM3\ARM_GCC_541\Debug\CY_CKIT_TEST.a(PWM_BACK.o)
                0x000005e8                PWM_BACK_ReadCapture
 .text.PWM_BACK_ClearFIFO
                0x000005f4       0x14 .\CortexM3\ARM_GCC_541\Debug\CY_CKIT_TEST.a(PWM_BACK.o)
                0x000005f4                PWM_BACK_ClearFIFO
 .text.PWM_BACK_Init
                0x00000608       0x58 .\CortexM3\ARM_GCC_541\Debug\CY_CKIT_TEST.a(PWM_BACK.o)
                0x00000608                PWM_BACK_Init
 .text.PWM_BACK_Start
                0x00000660       0x1c .\CortexM3\ARM_GCC_541\Debug\CY_CKIT_TEST.a(PWM_BACK.o)
                0x00000660                PWM_BACK_Start
 .text.PWM_FRONT_Enable
                0x0000067c       0x10 .\CortexM3\ARM_GCC_541\Debug\CY_CKIT_TEST.a(PWM_FRONT.o)
                0x0000067c                PWM_FRONT_Enable
 .text.PWM_FRONT_WriteCounter
                0x0000068c        0xc .\CortexM3\ARM_GCC_541\Debug\CY_CKIT_TEST.a(PWM_FRONT.o)
                0x0000068c                PWM_FRONT_WriteCounter
 .text.PWM_FRONT_WritePeriod
                0x00000698        0xc .\CortexM3\ARM_GCC_541\Debug\CY_CKIT_TEST.a(PWM_FRONT.o)
                0x00000698                PWM_FRONT_WritePeriod
 .text.PWM_FRONT_WriteCompare1
                0x000006a4        0xc .\CortexM3\ARM_GCC_541\Debug\CY_CKIT_TEST.a(PWM_FRONT.o)
                0x000006a4                PWM_FRONT_WriteCompare1
 .text.PWM_FRONT_WriteCompare2
                0x000006b0        0xc .\CortexM3\ARM_GCC_541\Debug\CY_CKIT_TEST.a(PWM_FRONT.o)
                0x000006b0                PWM_FRONT_WriteCompare2
 .text.PWM_FRONT_SetInterruptMode
                0x000006bc        0xc .\CortexM3\ARM_GCC_541\Debug\CY_CKIT_TEST.a(PWM_FRONT.o)
                0x000006bc                PWM_FRONT_SetInterruptMode
 .text.PWM_FRONT_ReadStatusRegister
                0x000006c8        0xc .\CortexM3\ARM_GCC_541\Debug\CY_CKIT_TEST.a(PWM_FRONT.o)
                0x000006c8                PWM_FRONT_ReadStatusRegister
 .text.PWM_FRONT_ReadCapture
                0x000006d4        0xc .\CortexM3\ARM_GCC_541\Debug\CY_CKIT_TEST.a(PWM_FRONT.o)
                0x000006d4                PWM_FRONT_ReadCapture
 .text.PWM_FRONT_ClearFIFO
                0x000006e0       0x14 .\CortexM3\ARM_GCC_541\Debug\CY_CKIT_TEST.a(PWM_FRONT.o)
                0x000006e0                PWM_FRONT_ClearFIFO
 .text.PWM_FRONT_Init
                0x000006f4       0x58 .\CortexM3\ARM_GCC_541\Debug\CY_CKIT_TEST.a(PWM_FRONT.o)
                0x000006f4                PWM_FRONT_Init
 .text.PWM_FRONT_Start
                0x0000074c       0x1c .\CortexM3\ARM_GCC_541\Debug\CY_CKIT_TEST.a(PWM_FRONT.o)
                0x0000074c                PWM_FRONT_Start
 .text.inter_uart_SetVector
                0x00000768        0xc .\CortexM3\ARM_GCC_541\Debug\CY_CKIT_TEST.a(inter_uart.o)
                0x00000768                inter_uart_SetVector
 .text.inter_uart_SetPriority
                0x00000774       0x10 .\CortexM3\ARM_GCC_541\Debug\CY_CKIT_TEST.a(inter_uart.o)
                0x00000774                inter_uart_SetPriority
 .text.inter_uart_Enable
                0x00000784        0xc .\CortexM3\ARM_GCC_541\Debug\CY_CKIT_TEST.a(inter_uart.o)
                0x00000784                inter_uart_Enable
 .text.inter_uart_Disable
                0x00000790        0xc .\CortexM3\ARM_GCC_541\Debug\CY_CKIT_TEST.a(inter_uart.o)
                0x00000790                inter_uart_Disable
 .text.inter_uart_StartEx
                0x0000079c       0x1c .\CortexM3\ARM_GCC_541\Debug\CY_CKIT_TEST.a(inter_uart.o)
                0x0000079c                inter_uart_StartEx
 .text.UART_XBEE_Init
                0x000007b8       0x14 .\CortexM3\ARM_GCC_541\Debug\CY_CKIT_TEST.a(UART_XBEE.o)
                0x000007b8                UART_XBEE_Init
 .text.UART_XBEE_Enable
                0x000007cc       0x2c .\CortexM3\ARM_GCC_541\Debug\CY_CKIT_TEST.a(UART_XBEE.o)
                0x000007cc                UART_XBEE_Enable
 .text.UART_XBEE_Start
                0x000007f8       0x1c .\CortexM3\ARM_GCC_541\Debug\CY_CKIT_TEST.a(UART_XBEE.o)
                0x000007f8                UART_XBEE_Start
 .text.UART_XBEE_GetChar
                0x00000814       0x2c .\CortexM3\ARM_GCC_541\Debug\CY_CKIT_TEST.a(UART_XBEE.o)
                0x00000814                UART_XBEE_GetChar
 .text.UART_XBEE_IntClock_Start
                0x00000840       0x1c .\CortexM3\ARM_GCC_541\Debug\CY_CKIT_TEST.a(UART_XBEE_IntClock.o)
                0x00000840                UART_XBEE_IntClock_Start
 .text.IN_B2_AR_G_Write
                0x0000085c       0x18 .\CortexM3\ARM_GCC_541\Debug\CY_CKIT_TEST.a(IN_B2_AR_G.o)
                0x0000085c                IN_B2_AR_G_Write
 .text.IN_A2_AR_G_Write
                0x00000874       0x18 .\CortexM3\ARM_GCC_541\Debug\CY_CKIT_TEST.a(IN_A2_AR_G.o)
                0x00000874                IN_A2_AR_G_Write
 .text.IN_A1_AR_D_Write
                0x0000088c       0x18 .\CortexM3\ARM_GCC_541\Debug\CY_CKIT_TEST.a(IN_A1_AR_D.o)
                0x0000088c                IN_A1_AR_D_Write
 .text.IN_B1_AR_D_Write
                0x000008a4       0x18 .\CortexM3\ARM_GCC_541\Debug\CY_CKIT_TEST.a(IN_B1_AR_D.o)
                0x000008a4                IN_B1_AR_D_Write
 .text.IN_A2_AV_D_Write
                0x000008bc       0x18 .\CortexM3\ARM_GCC_541\Debug\CY_CKIT_TEST.a(IN_A2_AV_D.o)
                0x000008bc                IN_A2_AV_D_Write
 .text.IN_B2_AV_D_Write
                0x000008d4       0x18 .\CortexM3\ARM_GCC_541\Debug\CY_CKIT_TEST.a(IN_B2_AV_D.o)
                0x000008d4                IN_B2_AV_D_Write
 .text.IN_A1_AV_G_Write
                0x000008ec       0x18 .\CortexM3\ARM_GCC_541\Debug\CY_CKIT_TEST.a(IN_A1_AV_G.o)
                0x000008ec                IN_A1_AV_G_Write
 .text.IN_B1_AV_G_Write
                0x00000904       0x18 .\CortexM3\ARM_GCC_541\Debug\CY_CKIT_TEST.a(IN_B1_AV_G.o)
                0x00000904                IN_B1_AV_G_Write
 *fill*         0x0000091c        0x4 
 .text          0x00000920       0x20 .\CortexM3\ARM_GCC_541\Debug\CY_CKIT_TEST.a(CyBootAsmGnu.o)
                0x00000920                CyDelayCycles
                0x00000930                CyEnterCriticalSection
                0x00000938                CyExitCriticalSection
 .text.__errno  0x00000940        0xc c:/program files (x86)/cypress/psoc creator/4.4/psoc creator/import/gnu/arm/5.4.1/bin/../lib/gcc/arm-none-eabi/5.4.1/../../../../arm-none-eabi/lib/armv7-m\libg_nano.a(lib_a-errno.o)
                0x00000940                __errno
 .text.__libc_init_array
                0x0000094c       0x4c c:/program files (x86)/cypress/psoc creator/4.4/psoc creator/import/gnu/arm/5.4.1/bin/../lib/gcc/arm-none-eabi/5.4.1/../../../../arm-none-eabi/lib/armv7-m\libg_nano.a(lib_a-init.o)
                0x0000094c                __libc_init_array
 .text.memcpy   0x00000998       0x16 c:/program files (x86)/cypress/psoc creator/4.4/psoc creator/import/gnu/arm/5.4.1/bin/../lib/gcc/arm-none-eabi/5.4.1/../../../../arm-none-eabi/lib/armv7-m\libg_nano.a(lib_a-memcpy-stub.o)
                0x00000998                memcpy
 .text.memset   0x000009ae       0x10 c:/program files (x86)/cypress/psoc creator/4.4/psoc creator/import/gnu/arm/5.4.1/bin/../lib/gcc/arm-none-eabi/5.4.1/../../../../arm-none-eabi/lib/armv7-m\libg_nano.a(lib_a-memset.o)
                0x000009ae                memset
 *(.plt)
 *(.gnu.warning)
 *(.glue_7t)
 .glue_7t       0x000009be        0x0 linker stubs
 *(.glue_7)
 .glue_7        0x000009be        0x0 linker stubs
 *(.vfp11_veneer)
 .vfp11_veneer  0x000009be        0x0 linker stubs
 *(.bootloader)
 *(.ARM.extab* .gnu.linkonce.armextab.*)
 *(.gcc_except_table)

.v4_bx          0x000009c0        0x0
 .v4_bx         0x000009c0        0x0 linker stubs

.iplt           0x000009c0        0x0
 .iplt          0x000009c0        0x0 c:/program files (x86)/cypress/psoc creator/4.4/psoc creator/import/gnu/arm/5.4.1/bin/../lib/gcc/arm-none-eabi/5.4.1/armv7-m/crtbegin.o

.eh_frame_hdr
 *(.eh_frame_hdr)

.eh_frame       0x000009c0        0x4
 *(.eh_frame)
 .eh_frame      0x000009c0        0x0 c:/program files (x86)/cypress/psoc creator/4.4/psoc creator/import/gnu/arm/5.4.1/bin/../lib/gcc/arm-none-eabi/5.4.1/armv7-m/crtbegin.o
 .eh_frame      0x000009c0        0x4 c:/program files (x86)/cypress/psoc creator/4.4/psoc creator/import/gnu/arm/5.4.1/bin/../lib/gcc/arm-none-eabi/5.4.1/armv7-m/crtend.o
                [!provide]                PROVIDE (__exidx_start, .)

.ARM.exidx
 *(.ARM.exidx* .gnu.linkonce.armexidx.*)
                0x000009c4                __exidx_end = .

.rodata         0x000009c4       0x6c
 *(.rodata .rodata.* .gnu.linkonce.r.*)
 .rodata        0x000009c4       0x36 .\CortexM3\ARM_GCC_541\Debug\cyfitter_cfg.o
 .rodata.str1.1
                0x000009fa        0x2 c:/program files (x86)/cypress/psoc creator/4.4/psoc creator/import/gnu/arm/5.4.1/bin/../lib/gcc/arm-none-eabi/5.4.1/../../../../arm-none-eabi/lib/armv7-m\libg_nano.a(lib_a-impure.o)
                0x000009fc                . = ALIGN (0x4)
 *(.init)
 .init          0x000009fc        0x4 c:/program files (x86)/cypress/psoc creator/4.4/psoc creator/import/gnu/arm/5.4.1/bin/../lib/gcc/arm-none-eabi/5.4.1/armv7-m/crti.o
                0x000009fc                _init
 .init          0x00000a00        0x8 c:/program files (x86)/cypress/psoc creator/4.4/psoc creator/import/gnu/arm/5.4.1/bin/../lib/gcc/arm-none-eabi/5.4.1/armv7-m/crtn.o
                0x00000a08                . = ALIGN (0x4)
                0x00000a08                __preinit_array_start = .
 *(.preinit_array)
                0x00000a08                __preinit_array_end = .
                0x00000a08                . = ALIGN (0x4)
                0x00000a08                __init_array_start = .
 *(SORT(.init_array.*))
 *(.init_array)
 .init_array    0x00000a08        0x4 c:/program files (x86)/cypress/psoc creator/4.4/psoc creator/import/gnu/arm/5.4.1/bin/../lib/gcc/arm-none-eabi/5.4.1/armv7-m/crtbegin.o
 .init_array    0x00000a0c        0x4 .\CortexM3\ARM_GCC_541\Debug\Cm3Start.o
                0x00000a10                __init_array_end = .
                0x00000a10                . = ALIGN (0x4)
 *(.fini)
 .fini          0x00000a10        0x4 c:/program files (x86)/cypress/psoc creator/4.4/psoc creator/import/gnu/arm/5.4.1/bin/../lib/gcc/arm-none-eabi/5.4.1/armv7-m/crti.o
                0x00000a10                _fini
 .fini          0x00000a14        0x8 c:/program files (x86)/cypress/psoc creator/4.4/psoc creator/import/gnu/arm/5.4.1/bin/../lib/gcc/arm-none-eabi/5.4.1/armv7-m/crtn.o
                0x00000a1c                . = ALIGN (0x4)
                0x00000a1c                __fini_array_start = .
 *(.fini_array)
 .fini_array    0x00000a1c        0x4 c:/program files (x86)/cypress/psoc creator/4.4/psoc creator/import/gnu/arm/5.4.1/bin/../lib/gcc/arm-none-eabi/5.4.1/armv7-m/crtbegin.o
 *(SORT(.fini_array.*))
                0x00000a20                __fini_array_end = .
                0x00000a20                . = ALIGN (0x4)
 *crtbegin.o(.ctors)
 *(EXCLUDE_FILE(*crtend.o) .ctors)
 *(SORT(.ctors.*))
 *crtend.o(.ctors)
                0x00000a20                . = ALIGN (0x4)
 *crtbegin.o(.dtors)
 *(EXCLUDE_FILE(*crtend.o) .dtors)
 *(SORT(.dtors.*))
 *crtend.o(.dtors)
                0x00000a20                . = ALIGN (0x4)
                0x00000a20                __cy_regions = .
                0x00000a20        0x4 LONG 0xa30 __cy_region_init_ram
                0x00000a24        0x4 LONG 0x1fff80c8 __cy_region_start_data
                0x00000a28        0x4 LONG 0x68 __cy_region_init_size_ram
                0x00000a2c        0x4 LONG 0x28 __cy_region_zero_size_ram
                0x00000a30                __cy_regions_end = .
                0x00000a30                . = ALIGN (0x8)
                0x00000a30                _etext = .

.cy_checksum_exclude
                0x00000a30        0x0
 *(.cy_checksum_exclude)

.ramvectors     0x1fff8000       0xc0
                0x1fff8000                __cy_region_start_ram = .
 *(.ramvectors)
 .ramvectors    0x1fff8000       0xc0 .\CortexM3\ARM_GCC_541\Debug\Cm3Start.o
                0x1fff8000                CyRamVectors

.noinit         0x1fff80c0        0x1
 *(.noinit)
 .noinit        0x1fff80c0        0x1 .\CortexM3\ARM_GCC_541\Debug\CY_CKIT_TEST.a(CyLib.o)
                0x1fff80c0                CyResetStatus

.data           0x1fff80c8       0x68 load address 0x00000a30
                0x1fff80c8                __cy_region_start_data = .
 *(.jcr)
 .jcr           0x1fff80c8        0x0 c:/program files (x86)/cypress/psoc creator/4.4/psoc creator/import/gnu/arm/5.4.1/bin/../lib/gcc/arm-none-eabi/5.4.1/armv7-m/crtbegin.o
 .jcr           0x1fff80c8        0x4 c:/program files (x86)/cypress/psoc creator/4.4/psoc creator/import/gnu/arm/5.4.1/bin/../lib/gcc/arm-none-eabi/5.4.1/armv7-m/crtend.o
 *(.got.plt)
 *(.got)
 *(.shdata)
 *(.data .data.* .gnu.linkonce.d.*)
 .data.impure_data
                0x1fff80cc       0x60 c:/program files (x86)/cypress/psoc creator/4.4/psoc creator/import/gnu/arm/5.4.1/bin/../lib/gcc/arm-none-eabi/5.4.1/../../../../arm-none-eabi/lib/armv7-m\libg_nano.a(lib_a-impure.o)
 .data._impure_ptr
                0x1fff812c        0x4 c:/program files (x86)/cypress/psoc creator/4.4/psoc creator/import/gnu/arm/5.4.1/bin/../lib/gcc/arm-none-eabi/5.4.1/../../../../arm-none-eabi/lib/armv7-m\libg_nano.a(lib_a-impure.o)
                0x1fff812c                _impure_ptr
                0x1fff8130                . = ALIGN (0x8)
 *(.ram)
                0x1fff8130                _edata = .

.igot.plt       0x1fff8130        0x0 load address 0x00000a98
 .igot.plt      0x1fff8130        0x0 c:/program files (x86)/cypress/psoc creator/4.4/psoc creator/import/gnu/arm/5.4.1/bin/../lib/gcc/arm-none-eabi/5.4.1/armv7-m/crtbegin.o

.bss            0x1fff8130       0x28 load address 0x00000a98
                0x1fff8130                PROVIDE (__bss_start__, .)
 *(.shbss)
 *(.bss .bss.* .gnu.linkonce.b.*)
 .bss           0x1fff8130       0x1c c:/program files (x86)/cypress/psoc creator/4.4/psoc creator/import/gnu/arm/5.4.1/bin/../lib/gcc/arm-none-eabi/5.4.1/armv7-m/crtbegin.o
 .bss           0x1fff814c        0x1 .\CortexM3\ARM_GCC_541\Debug\CY_CKIT_TEST.a(PWM_BACK.o)
                0x1fff814c                PWM_BACK_initVar
 .bss           0x1fff814d        0x1 .\CortexM3\ARM_GCC_541\Debug\CY_CKIT_TEST.a(PWM_FRONT.o)
                0x1fff814d                PWM_FRONT_initVar
 .bss           0x1fff814e        0x1 .\CortexM3\ARM_GCC_541\Debug\CY_CKIT_TEST.a(UART_XBEE.o)
                0x1fff814e                UART_XBEE_initVar
 *(COMMON)
 COMMON         0x1fff814f        0x2 .\CortexM3\ARM_GCC_541\Debug\main.o
                0x1fff814f                key_event
                0x1fff8150                pressed_key
                0x1fff8158                . = ALIGN (0x8)
 *fill*         0x1fff8151        0x7 
 *(.ram.b)
                0x1fff8158                _end = .
                0x1fff8158                __end = .
                0x1fff8158                PROVIDE (end, .)
                0x1fff8158                PROVIDE (__bss_end__, .)
                0x00000a30                __cy_region_init_ram = LOADADDR (.data)
                0x00000068                __cy_region_init_size_ram = (_edata - ADDR (.data))
                0x00000028                __cy_region_zero_size_ram = (_end - _edata)

.heap           0x1fff8158       0x80 load address 0x00000a98
                0x1fff8158                . = _end
                0x1fff81d8                . = (. + 0x80)
 *fill*         0x1fff8158       0x80 
                0x1fff81d8                __cy_heap_limit = .

.stack          0x20007800      0x800
                0x20007800                __cy_stack_limit = .
                0x20008000                . = (. + 0x800)
 *fill*         0x20007800      0x800 
                0x00000001                ASSERT ((__cy_stack_limit >= __cy_heap_limit), region RAM overflowed with stack)
                0x00000000                cy_checksum_exclude_size = (CY_APPL_LOADABLE == 0x1)?SIZEOF (.cy_checksum_exclude):0x0
                0x00000001                ASSERT ((cy_checksum_exclude_size <= CY_CHECKSUM_EXCLUDE_SIZE), CY_BOOT: Section .cy_checksum_exclude size exceedes specified limit.)

.cyloadermeta
 *(.cyloadermeta)

.cyloadablemeta
 *(.cyloadablemeta)

.cyconfigecc    0x80000000      0x3c4
 *(.cyconfigecc)
 .cyconfigecc   0x80000000      0x3c4 .\CortexM3\ARM_GCC_541\Debug\cymetadata.o
                0x80000000                cy_meta_configecc

.cycustnvl      0x90000000        0x4
 *(.cycustnvl)
 .cycustnvl     0x90000000        0x4 .\CortexM3\ARM_GCC_541\Debug\cymetadata.o
                0x90000000                cy_meta_custnvl

.cywolatch      0x90100000        0x4
 *(.cywolatch)
 .cywolatch     0x90100000        0x4 .\CortexM3\ARM_GCC_541\Debug\cymetadata.o
                0x90100000                cy_meta_wonvl

.cyeeprom       0x90200000        0x0
 *(.cyeeprom)
                0x00000001                ASSERT ((. <= ((0x90200000 + ee_offset) + ee_size)), .cyeeprom data will not fit in EEPROM)

.cyflashprotect
                0x90400000      0x100
 *(.cyflashprotect)
 .cyflashprotect
                0x90400000      0x100 .\CortexM3\ARM_GCC_541\Debug\cymetadata.o
                0x90400000                cy_meta_flashprotect

.cymeta         0x90500000        0xc
 *(.cymeta)
 .cymeta        0x90500000        0xc .\CortexM3\ARM_GCC_541\Debug\cymetadata.o
                0x90500000                cy_metadata

.rel.dyn        0x00000a98        0x0 load address 0x9050000c
 .rel.iplt      0x00000a98        0x0 c:/program files (x86)/cypress/psoc creator/4.4/psoc creator/import/gnu/arm/5.4.1/bin/../lib/gcc/arm-none-eabi/5.4.1/armv7-m/crtbegin.o

.stab
 *(.stab)

.stabstr
 *(.stabstr)

.debug
 *(.debug)

.line
 *(.line)

.debug_srcinfo
 *(.debug_srcinfo)

.debug_sfnames
 *(.debug_sfnames)

.debug_aranges  0x00000000      0x9d8
 *(.debug_aranges)
 .debug_aranges
                0x00000000       0x28 .\CortexM3\ARM_GCC_541\Debug\main.o
 .debug_aranges
                0x00000028       0x58 .\CortexM3\ARM_GCC_541\Debug\cyfitter_cfg.o
 .debug_aranges
                0x00000080       0x18 .\CortexM3\ARM_GCC_541\Debug\cymetadata.o
 .debug_aranges
                0x00000098       0x48 .\CortexM3\ARM_GCC_541\Debug\Cm3Start.o
 .debug_aranges
                0x000000e0      0x2a0 .\CortexM3\ARM_GCC_541\Debug\CY_CKIT_TEST.a(CyLib.o)
 .debug_aranges
                0x00000380       0x98 .\CortexM3\ARM_GCC_541\Debug\CY_CKIT_TEST.a(cyPm.o)
 .debug_aranges
                0x00000418       0xa8 .\CortexM3\ARM_GCC_541\Debug\CY_CKIT_TEST.a(PWM_BACK.o)
 .debug_aranges
                0x000004c0       0xa8 .\CortexM3\ARM_GCC_541\Debug\CY_CKIT_TEST.a(PWM_FRONT.o)
 .debug_aranges
                0x00000568       0x80 .\CortexM3\ARM_GCC_541\Debug\CY_CKIT_TEST.a(inter_uart.o)
 .debug_aranges
                0x000005e8       0x98 .\CortexM3\ARM_GCC_541\Debug\CY_CKIT_TEST.a(UART_XBEE.o)
 .debug_aranges
                0x00000680       0x70 .\CortexM3\ARM_GCC_541\Debug\CY_CKIT_TEST.a(UART_XBEE_IntClock.o)
 .debug_aranges
                0x000006f0       0x38 .\CortexM3\ARM_GCC_541\Debug\CY_CKIT_TEST.a(IN_B2_AR_G.o)
 .debug_aranges
                0x00000728       0x38 .\CortexM3\ARM_GCC_541\Debug\CY_CKIT_TEST.a(IN_A2_AR_G.o)
 .debug_aranges
                0x00000760       0x38 .\CortexM3\ARM_GCC_541\Debug\CY_CKIT_TEST.a(IN_A1_AR_D.o)
 .debug_aranges
                0x00000798       0x38 .\CortexM3\ARM_GCC_541\Debug\CY_CKIT_TEST.a(IN_B1_AR_D.o)
 .debug_aranges
                0x000007d0       0x38 .\CortexM3\ARM_GCC_541\Debug\CY_CKIT_TEST.a(IN_A2_AV_D.o)
 .debug_aranges
                0x00000808       0x38 .\CortexM3\ARM_GCC_541\Debug\CY_CKIT_TEST.a(IN_B2_AV_D.o)
 .debug_aranges
                0x00000840       0x38 .\CortexM3\ARM_GCC_541\Debug\CY_CKIT_TEST.a(IN_A1_AV_G.o)
 .debug_aranges
                0x00000878       0x38 .\CortexM3\ARM_GCC_541\Debug\CY_CKIT_TEST.a(IN_B1_AV_G.o)
 .debug_aranges
                0x000008b0       0x20 .\CortexM3\ARM_GCC_541\Debug\CY_CKIT_TEST.a(CyBootAsmGnu.o)
 .debug_aranges
                0x000008d0       0x88 .\CortexM3\ARM_GCC_541\Debug\CY_CKIT_TEST.a(CyFlash.o)
 .debug_aranges
                0x00000958       0x80 .\CortexM3\ARM_GCC_541\Debug\CY_CKIT_TEST.a(CySpc.o)

.debug_pubnames
 *(.debug_pubnames)

.debug_info     0x00000000     0x5388
 *(.debug_info .gnu.linkonce.wi.*)
 .debug_info    0x00000000      0x6c4 .\CortexM3\ARM_GCC_541\Debug\main.o
 .debug_info    0x000006c4      0x513 .\CortexM3\ARM_GCC_541\Debug\cyfitter_cfg.o
 .debug_info    0x00000bd7      0x135 .\CortexM3\ARM_GCC_541\Debug\cymetadata.o
 .debug_info    0x00000d0c      0x3bb .\CortexM3\ARM_GCC_541\Debug\Cm3Start.o
 .debug_info    0x000010c7     0x1374 .\CortexM3\ARM_GCC_541\Debug\CY_CKIT_TEST.a(CyLib.o)
 .debug_info    0x0000243b      0xa2a .\CortexM3\ARM_GCC_541\Debug\CY_CKIT_TEST.a(cyPm.o)
 .debug_info    0x00002e65      0x381 .\CortexM3\ARM_GCC_541\Debug\CY_CKIT_TEST.a(PWM_BACK.o)
 .debug_info    0x000031e6      0x381 .\CortexM3\ARM_GCC_541\Debug\CY_CKIT_TEST.a(PWM_FRONT.o)
 .debug_info    0x00003567      0x2d2 .\CortexM3\ARM_GCC_541\Debug\CY_CKIT_TEST.a(inter_uart.o)
 .debug_info    0x00003839      0x3a7 .\CortexM3\ARM_GCC_541\Debug\CY_CKIT_TEST.a(UART_XBEE.o)
 .debug_info    0x00003be0      0x283 .\CortexM3\ARM_GCC_541\Debug\CY_CKIT_TEST.a(UART_XBEE_IntClock.o)
 .debug_info    0x00003e63      0x11f .\CortexM3\ARM_GCC_541\Debug\CY_CKIT_TEST.a(IN_B2_AR_G.o)
 .debug_info    0x00003f82      0x11f .\CortexM3\ARM_GCC_541\Debug\CY_CKIT_TEST.a(IN_A2_AR_G.o)
 .debug_info    0x000040a1      0x11f .\CortexM3\ARM_GCC_541\Debug\CY_CKIT_TEST.a(IN_A1_AR_D.o)
 .debug_info    0x000041c0      0x11f .\CortexM3\ARM_GCC_541\Debug\CY_CKIT_TEST.a(IN_B1_AR_D.o)
 .debug_info    0x000042df      0x11f .\CortexM3\ARM_GCC_541\Debug\CY_CKIT_TEST.a(IN_A2_AV_D.o)
 .debug_info    0x000043fe      0x11f .\CortexM3\ARM_GCC_541\Debug\CY_CKIT_TEST.a(IN_B2_AV_D.o)
 .debug_info    0x0000451d      0x11f .\CortexM3\ARM_GCC_541\Debug\CY_CKIT_TEST.a(IN_A1_AV_G.o)
 .debug_info    0x0000463c      0x11f .\CortexM3\ARM_GCC_541\Debug\CY_CKIT_TEST.a(IN_B1_AV_G.o)
 .debug_info    0x0000475b       0x90 .\CortexM3\ARM_GCC_541\Debug\CY_CKIT_TEST.a(CyBootAsmGnu.o)
 .debug_info    0x000047eb      0x64d .\CortexM3\ARM_GCC_541\Debug\CY_CKIT_TEST.a(CyFlash.o)
 .debug_info    0x00004e38      0x550 .\CortexM3\ARM_GCC_541\Debug\CY_CKIT_TEST.a(CySpc.o)

.debug_abbrev   0x00000000     0x1770
 *(.debug_abbrev)
 .debug_abbrev  0x00000000      0x104 .\CortexM3\ARM_GCC_541\Debug\main.o
 .debug_abbrev  0x00000104      0x1fe .\CortexM3\ARM_GCC_541\Debug\cyfitter_cfg.o
 .debug_abbrev  0x00000302       0x66 .\CortexM3\ARM_GCC_541\Debug\cymetadata.o
 .debug_abbrev  0x00000368      0x1e8 .\CortexM3\ARM_GCC_541\Debug\Cm3Start.o
 .debug_abbrev  0x00000550      0x254 .\CortexM3\ARM_GCC_541\Debug\CY_CKIT_TEST.a(CyLib.o)
 .debug_abbrev  0x000007a4      0x1ab .\CortexM3\ARM_GCC_541\Debug\CY_CKIT_TEST.a(cyPm.o)
 .debug_abbrev  0x0000094f      0x133 .\CortexM3\ARM_GCC_541\Debug\CY_CKIT_TEST.a(PWM_BACK.o)
 .debug_abbrev  0x00000a82      0x133 .\CortexM3\ARM_GCC_541\Debug\CY_CKIT_TEST.a(PWM_FRONT.o)
 .debug_abbrev  0x00000bb5      0x173 .\CortexM3\ARM_GCC_541\Debug\CY_CKIT_TEST.a(inter_uart.o)
 .debug_abbrev  0x00000d28      0x140 .\CortexM3\ARM_GCC_541\Debug\CY_CKIT_TEST.a(UART_XBEE.o)
 .debug_abbrev  0x00000e68      0x139 .\CortexM3\ARM_GCC_541\Debug\CY_CKIT_TEST.a(UART_XBEE_IntClock.o)
 .debug_abbrev  0x00000fa1       0x90 .\CortexM3\ARM_GCC_541\Debug\CY_CKIT_TEST.a(IN_B2_AR_G.o)
 .debug_abbrev  0x00001031       0x90 .\CortexM3\ARM_GCC_541\Debug\CY_CKIT_TEST.a(IN_A2_AR_G.o)
 .debug_abbrev  0x000010c1       0x90 .\CortexM3\ARM_GCC_541\Debug\CY_CKIT_TEST.a(IN_A1_AR_D.o)
 .debug_abbrev  0x00001151       0x90 .\CortexM3\ARM_GCC_541\Debug\CY_CKIT_TEST.a(IN_B1_AR_D.o)
 .debug_abbrev  0x000011e1       0x90 .\CortexM3\ARM_GCC_541\Debug\CY_CKIT_TEST.a(IN_A2_AV_D.o)
 .debug_abbrev  0x00001271       0x90 .\CortexM3\ARM_GCC_541\Debug\CY_CKIT_TEST.a(IN_B2_AV_D.o)
 .debug_abbrev  0x00001301       0x90 .\CortexM3\ARM_GCC_541\Debug\CY_CKIT_TEST.a(IN_A1_AV_G.o)
 .debug_abbrev  0x00001391       0x90 .\CortexM3\ARM_GCC_541\Debug\CY_CKIT_TEST.a(IN_B1_AV_G.o)
 .debug_abbrev  0x00001421       0x14 .\CortexM3\ARM_GCC_541\Debug\CY_CKIT_TEST.a(CyBootAsmGnu.o)
 .debug_abbrev  0x00001435      0x1a7 .\CortexM3\ARM_GCC_541\Debug\CY_CKIT_TEST.a(CyFlash.o)
 .debug_abbrev  0x000015dc      0x194 .\CortexM3\ARM_GCC_541\Debug\CY_CKIT_TEST.a(CySpc.o)

.debug_line     0x00000000     0x24a9
 *(.debug_line)
 .debug_line    0x00000000      0x27f .\CortexM3\ARM_GCC_541\Debug\main.o
 .debug_line    0x0000027f      0x1dd .\CortexM3\ARM_GCC_541\Debug\cyfitter_cfg.o
 .debug_line    0x0000045c      0x141 .\CortexM3\ARM_GCC_541\Debug\cymetadata.o
 .debug_line    0x0000059d      0x234 .\CortexM3\ARM_GCC_541\Debug\Cm3Start.o
 .debug_line    0x000007d1      0x816 .\CortexM3\ARM_GCC_541\Debug\CY_CKIT_TEST.a(CyLib.o)
 .debug_line    0x00000fe7      0x367 .\CortexM3\ARM_GCC_541\Debug\CY_CKIT_TEST.a(cyPm.o)
 .debug_line    0x0000134e      0x1ac .\CortexM3\ARM_GCC_541\Debug\CY_CKIT_TEST.a(PWM_BACK.o)
 .debug_line    0x000014fa      0x1ad .\CortexM3\ARM_GCC_541\Debug\CY_CKIT_TEST.a(PWM_FRONT.o)
 .debug_line    0x000016a7      0x137 .\CortexM3\ARM_GCC_541\Debug\CY_CKIT_TEST.a(inter_uart.o)
 .debug_line    0x000017de      0x1b2 .\CortexM3\ARM_GCC_541\Debug\CY_CKIT_TEST.a(UART_XBEE.o)
 .debug_line    0x00001990      0x181 .\CortexM3\ARM_GCC_541\Debug\CY_CKIT_TEST.a(UART_XBEE_IntClock.o)
 .debug_line    0x00001b11       0x97 .\CortexM3\ARM_GCC_541\Debug\CY_CKIT_TEST.a(IN_B2_AR_G.o)
 .debug_line    0x00001ba8       0x97 .\CortexM3\ARM_GCC_541\Debug\CY_CKIT_TEST.a(IN_A2_AR_G.o)
 .debug_line    0x00001c3f       0x97 .\CortexM3\ARM_GCC_541\Debug\CY_CKIT_TEST.a(IN_A1_AR_D.o)
 .debug_line    0x00001cd6       0x97 .\CortexM3\ARM_GCC_541\Debug\CY_CKIT_TEST.a(IN_B1_AR_D.o)
 .debug_line    0x00001d6d       0x97 .\CortexM3\ARM_GCC_541\Debug\CY_CKIT_TEST.a(IN_A2_AV_D.o)
 .debug_line    0x00001e04       0x97 .\CortexM3\ARM_GCC_541\Debug\CY_CKIT_TEST.a(IN_B2_AV_D.o)
 .debug_line    0x00001e9b       0x97 .\CortexM3\ARM_GCC_541\Debug\CY_CKIT_TEST.a(IN_A1_AV_G.o)
 .debug_line    0x00001f32       0x97 .\CortexM3\ARM_GCC_541\Debug\CY_CKIT_TEST.a(IN_B1_AV_G.o)
 .debug_line    0x00001fc9       0x66 .\CortexM3\ARM_GCC_541\Debug\CY_CKIT_TEST.a(CyBootAsmGnu.o)
 .debug_line    0x0000202f      0x21a .\CortexM3\ARM_GCC_541\Debug\CY_CKIT_TEST.a(CyFlash.o)
 .debug_line    0x00002249      0x260 .\CortexM3\ARM_GCC_541\Debug\CY_CKIT_TEST.a(CySpc.o)

.debug_frame    0x00000000     0x173c
 *(.debug_frame)
 .debug_frame   0x00000000       0x48 .\CortexM3\ARM_GCC_541\Debug\main.o
 .debug_frame   0x00000048       0xe4 .\CortexM3\ARM_GCC_541\Debug\cyfitter_cfg.o
 .debug_frame   0x0000012c       0xb8 .\CortexM3\ARM_GCC_541\Debug\Cm3Start.o
 .debug_frame   0x000001e4      0x738 .\CortexM3\ARM_GCC_541\Debug\CY_CKIT_TEST.a(CyLib.o)
 .debug_frame   0x0000091c      0x1f8 .\CortexM3\ARM_GCC_541\Debug\CY_CKIT_TEST.a(cyPm.o)
 .debug_frame   0x00000b14      0x154 .\CortexM3\ARM_GCC_541\Debug\CY_CKIT_TEST.a(PWM_BACK.o)
 .debug_frame   0x00000c68      0x154 .\CortexM3\ARM_GCC_541\Debug\CY_CKIT_TEST.a(PWM_FRONT.o)
 .debug_frame   0x00000dbc      0x104 .\CortexM3\ARM_GCC_541\Debug\CY_CKIT_TEST.a(inter_uart.o)
 .debug_frame   0x00000ec0      0x14c .\CortexM3\ARM_GCC_541\Debug\CY_CKIT_TEST.a(UART_XBEE.o)
 .debug_frame   0x0000100c       0xe0 .\CortexM3\ARM_GCC_541\Debug\CY_CKIT_TEST.a(UART_XBEE_IntClock.o)
 .debug_frame   0x000010ec       0x50 .\CortexM3\ARM_GCC_541\Debug\CY_CKIT_TEST.a(IN_B2_AR_G.o)
 .debug_frame   0x0000113c       0x50 .\CortexM3\ARM_GCC_541\Debug\CY_CKIT_TEST.a(IN_A2_AR_G.o)
 .debug_frame   0x0000118c       0x50 .\CortexM3\ARM_GCC_541\Debug\CY_CKIT_TEST.a(IN_A1_AR_D.o)
 .debug_frame   0x000011dc       0x50 .\CortexM3\ARM_GCC_541\Debug\CY_CKIT_TEST.a(IN_B1_AR_D.o)
 .debug_frame   0x0000122c       0x50 .\CortexM3\ARM_GCC_541\Debug\CY_CKIT_TEST.a(IN_A2_AV_D.o)
 .debug_frame   0x0000127c       0x50 .\CortexM3\ARM_GCC_541\Debug\CY_CKIT_TEST.a(IN_B2_AV_D.o)
 .debug_frame   0x000012cc       0x50 .\CortexM3\ARM_GCC_541\Debug\CY_CKIT_TEST.a(IN_A1_AV_G.o)
 .debug_frame   0x0000131c       0x50 .\CortexM3\ARM_GCC_541\Debug\CY_CKIT_TEST.a(IN_B1_AV_G.o)
 .debug_frame   0x0000136c      0x194 .\CortexM3\ARM_GCC_541\Debug\CY_CKIT_TEST.a(CyFlash.o)
 .debug_frame   0x00001500      0x180 .\CortexM3\ARM_GCC_541\Debug\CY_CKIT_TEST.a(CySpc.o)
 .debug_frame   0x00001680       0x20 c:/program files (x86)/cypress/psoc creator/4.4/psoc creator/import/gnu/arm/5.4.1/bin/../lib/gcc/arm-none-eabi/5.4.1/../../../../arm-none-eabi/lib/armv7-m\libg_nano.a(lib_a-errno.o)
 .debug_frame   0x000016a0       0x28 c:/program files (x86)/cypress/psoc creator/4.4/psoc creator/import/gnu/arm/5.4.1/bin/../lib/gcc/arm-none-eabi/5.4.1/../../../../arm-none-eabi/lib/armv7-m\libg_nano.a(lib_a-exit.o)
 .debug_frame   0x000016c8       0x2c c:/program files (x86)/cypress/psoc creator/4.4/psoc creator/import/gnu/arm/5.4.1/bin/../lib/gcc/arm-none-eabi/5.4.1/../../../../arm-none-eabi/lib/armv7-m\libg_nano.a(lib_a-init.o)
 .debug_frame   0x000016f4       0x28 c:/program files (x86)/cypress/psoc creator/4.4/psoc creator/import/gnu/arm/5.4.1/bin/../lib/gcc/arm-none-eabi/5.4.1/../../../../arm-none-eabi/lib/armv7-m\libg_nano.a(lib_a-memcpy-stub.o)
 .debug_frame   0x0000171c       0x20 c:/program files (x86)/cypress/psoc creator/4.4/psoc creator/import/gnu/arm/5.4.1/bin/../lib/gcc/arm-none-eabi/5.4.1/../../../../arm-none-eabi/lib/armv7-m\libg_nano.a(lib_a-memset.o)

.debug_str      0x00000000     0x1f6f
 *(.debug_str)
 .debug_str     0x00000000      0x2ea .\CortexM3\ARM_GCC_541\Debug\main.o
                                0x33a (size before relaxing)
 .debug_str     0x000002ea      0x181 .\CortexM3\ARM_GCC_541\Debug\cyfitter_cfg.o
                                0x30f (size before relaxing)
 .debug_str     0x0000046b       0x75 .\CortexM3\ARM_GCC_541\Debug\cymetadata.o
                                0x1e4 (size before relaxing)
 .debug_str     0x000004e0      0x144 .\CortexM3\ARM_GCC_541\Debug\Cm3Start.o
                                0x30a (size before relaxing)
 .debug_str     0x00000624      0x845 .\CortexM3\ARM_GCC_541\Debug\CY_CKIT_TEST.a(CyLib.o)
                                0xa47 (size before relaxing)
 .debug_str     0x00000e69      0x365 .\CortexM3\ARM_GCC_541\Debug\CY_CKIT_TEST.a(cyPm.o)
                                0x733 (size before relaxing)
 .debug_str     0x000011ce      0x1c9 .\CortexM3\ARM_GCC_541\Debug\CY_CKIT_TEST.a(PWM_BACK.o)
                                0x3b9 (size before relaxing)
 .debug_str     0x00001397      0x1a2 .\CortexM3\ARM_GCC_541\Debug\CY_CKIT_TEST.a(PWM_FRONT.o)
                                0x3ce (size before relaxing)
 .debug_str     0x00001539      0x119 .\CortexM3\ARM_GCC_541\Debug\CY_CKIT_TEST.a(inter_uart.o)
                                0x2ec (size before relaxing)
 .debug_str     0x00001652      0x1de .\CortexM3\ARM_GCC_541\Debug\CY_CKIT_TEST.a(UART_XBEE.o)
                                0x3d6 (size before relaxing)
 .debug_str     0x00001830      0x1b5 .\CortexM3\ARM_GCC_541\Debug\CY_CKIT_TEST.a(UART_XBEE_IntClock.o)
                                0x372 (size before relaxing)
 .debug_str     0x000019e5       0x6e .\CortexM3\ARM_GCC_541\Debug\CY_CKIT_TEST.a(IN_B2_AR_G.o)
                                0x1fb (size before relaxing)
 .debug_str     0x00001a53       0x63 .\CortexM3\ARM_GCC_541\Debug\CY_CKIT_TEST.a(IN_A2_AR_G.o)
                                0x1fb (size before relaxing)
 .debug_str     0x00001ab6       0x63 .\CortexM3\ARM_GCC_541\Debug\CY_CKIT_TEST.a(IN_A1_AR_D.o)
                                0x1fb (size before relaxing)
 .debug_str     0x00001b19       0x63 .\CortexM3\ARM_GCC_541\Debug\CY_CKIT_TEST.a(IN_B1_AR_D.o)
                                0x1fb (size before relaxing)
 .debug_str     0x00001b7c       0x63 .\CortexM3\ARM_GCC_541\Debug\CY_CKIT_TEST.a(IN_A2_AV_D.o)
                                0x1fb (size before relaxing)
 .debug_str     0x00001bdf       0x63 .\CortexM3\ARM_GCC_541\Debug\CY_CKIT_TEST.a(IN_B2_AV_D.o)
                                0x1fb (size before relaxing)
 .debug_str     0x00001c42       0x63 .\CortexM3\ARM_GCC_541\Debug\CY_CKIT_TEST.a(IN_A1_AV_G.o)
                                0x1fb (size before relaxing)
 .debug_str     0x00001ca5       0x63 .\CortexM3\ARM_GCC_541\Debug\CY_CKIT_TEST.a(IN_B1_AV_G.o)
                                0x1fb (size before relaxing)
 .debug_str     0x00001d08      0x1bb .\CortexM3\ARM_GCC_541\Debug\CY_CKIT_TEST.a(CyFlash.o)
                                0x3c0 (size before relaxing)
 .debug_str     0x00001ec3       0xac .\CortexM3\ARM_GCC_541\Debug\CY_CKIT_TEST.a(CySpc.o)
                                0x338 (size before relaxing)

.debug_loc      0x00000000     0x1e2c
 *(.debug_loc)
 .debug_loc     0x00000000      0x1d7 .\CortexM3\ARM_GCC_541\Debug\cyfitter_cfg.o
 .debug_loc     0x000001d7      0x144 .\CortexM3\ARM_GCC_541\Debug\Cm3Start.o
 .debug_loc     0x0000031b      0xa11 .\CortexM3\ARM_GCC_541\Debug\CY_CKIT_TEST.a(CyLib.o)
 .debug_loc     0x00000d2c      0x1e4 .\CortexM3\ARM_GCC_541\Debug\CY_CKIT_TEST.a(cyPm.o)
 .debug_loc     0x00000f10       0x26 .\CortexM3\ARM_GCC_541\Debug\CY_CKIT_TEST.a(PWM_BACK.o)
 .debug_loc     0x00000f36       0x26 .\CortexM3\ARM_GCC_541\Debug\CY_CKIT_TEST.a(PWM_FRONT.o)
 .debug_loc     0x00000f5c       0x56 .\CortexM3\ARM_GCC_541\Debug\CY_CKIT_TEST.a(inter_uart.o)
 .debug_loc     0x00000fb2       0x87 .\CortexM3\ARM_GCC_541\Debug\CY_CKIT_TEST.a(UART_XBEE.o)
 .debug_loc     0x00001039      0x12c .\CortexM3\ARM_GCC_541\Debug\CY_CKIT_TEST.a(UART_XBEE_IntClock.o)
 .debug_loc     0x00001165       0x42 .\CortexM3\ARM_GCC_541\Debug\CY_CKIT_TEST.a(IN_B2_AR_G.o)
 .debug_loc     0x000011a7       0x42 .\CortexM3\ARM_GCC_541\Debug\CY_CKIT_TEST.a(IN_A2_AR_G.o)
 .debug_loc     0x000011e9       0x42 .\CortexM3\ARM_GCC_541\Debug\CY_CKIT_TEST.a(IN_A1_AR_D.o)
 .debug_loc     0x0000122b       0x42 .\CortexM3\ARM_GCC_541\Debug\CY_CKIT_TEST.a(IN_B1_AR_D.o)
 .debug_loc     0x0000126d       0x42 .\CortexM3\ARM_GCC_541\Debug\CY_CKIT_TEST.a(IN_A2_AV_D.o)
 .debug_loc     0x000012af       0x42 .\CortexM3\ARM_GCC_541\Debug\CY_CKIT_TEST.a(IN_B2_AV_D.o)
 .debug_loc     0x000012f1       0x42 .\CortexM3\ARM_GCC_541\Debug\CY_CKIT_TEST.a(IN_A1_AV_G.o)
 .debug_loc     0x00001333       0x42 .\CortexM3\ARM_GCC_541\Debug\CY_CKIT_TEST.a(IN_B1_AV_G.o)
 .debug_loc     0x00001375      0x3b2 .\CortexM3\ARM_GCC_541\Debug\CY_CKIT_TEST.a(CyFlash.o)
 .debug_loc     0x00001727      0x705 .\CortexM3\ARM_GCC_541\Debug\CY_CKIT_TEST.a(CySpc.o)

.debug_macinfo
 *(.debug_macinfo)

.debug_ranges   0x00000000      0x860
 *(.debug_ranges)
 .debug_ranges  0x00000000       0x18 .\CortexM3\ARM_GCC_541\Debug\main.o
 .debug_ranges  0x00000018       0x48 .\CortexM3\ARM_GCC_541\Debug\cyfitter_cfg.o
 .debug_ranges  0x00000060       0x38 .\CortexM3\ARM_GCC_541\Debug\Cm3Start.o
 .debug_ranges  0x00000098      0x290 .\CortexM3\ARM_GCC_541\Debug\CY_CKIT_TEST.a(CyLib.o)
 .debug_ranges  0x00000328       0x88 .\CortexM3\ARM_GCC_541\Debug\CY_CKIT_TEST.a(cyPm.o)
 .debug_ranges  0x000003b0       0x98 .\CortexM3\ARM_GCC_541\Debug\CY_CKIT_TEST.a(PWM_BACK.o)
 .debug_ranges  0x00000448       0x98 .\CortexM3\ARM_GCC_541\Debug\CY_CKIT_TEST.a(PWM_FRONT.o)
 .debug_ranges  0x000004e0       0x70 .\CortexM3\ARM_GCC_541\Debug\CY_CKIT_TEST.a(inter_uart.o)
 .debug_ranges  0x00000550       0x88 .\CortexM3\ARM_GCC_541\Debug\CY_CKIT_TEST.a(UART_XBEE.o)
 .debug_ranges  0x000005d8       0x60 .\CortexM3\ARM_GCC_541\Debug\CY_CKIT_TEST.a(UART_XBEE_IntClock.o)
 .debug_ranges  0x00000638       0x28 .\CortexM3\ARM_GCC_541\Debug\CY_CKIT_TEST.a(IN_B2_AR_G.o)
 .debug_ranges  0x00000660       0x28 .\CortexM3\ARM_GCC_541\Debug\CY_CKIT_TEST.a(IN_A2_AR_G.o)
 .debug_ranges  0x00000688       0x28 .\CortexM3\ARM_GCC_541\Debug\CY_CKIT_TEST.a(IN_A1_AR_D.o)
 .debug_ranges  0x000006b0       0x28 .\CortexM3\ARM_GCC_541\Debug\CY_CKIT_TEST.a(IN_B1_AR_D.o)
 .debug_ranges  0x000006d8       0x28 .\CortexM3\ARM_GCC_541\Debug\CY_CKIT_TEST.a(IN_A2_AV_D.o)
 .debug_ranges  0x00000700       0x28 .\CortexM3\ARM_GCC_541\Debug\CY_CKIT_TEST.a(IN_B2_AV_D.o)
 .debug_ranges  0x00000728       0x28 .\CortexM3\ARM_GCC_541\Debug\CY_CKIT_TEST.a(IN_A1_AV_G.o)
 .debug_ranges  0x00000750       0x28 .\CortexM3\ARM_GCC_541\Debug\CY_CKIT_TEST.a(IN_B1_AV_G.o)
 .debug_ranges  0x00000778       0x78 .\CortexM3\ARM_GCC_541\Debug\CY_CKIT_TEST.a(CyFlash.o)
 .debug_ranges  0x000007f0       0x70 .\CortexM3\ARM_GCC_541\Debug\CY_CKIT_TEST.a(CySpc.o)

.comment        0x00000000       0x6e
 .comment       0x00000000       0x6e .\CortexM3\ARM_GCC_541\Debug\main.o
                                 0x6f (size before relaxing)
 .comment       0x0000006e       0x6f .\CortexM3\ARM_GCC_541\Debug\cyfitter_cfg.o
 .comment       0x0000006e       0x6f .\CortexM3\ARM_GCC_541\Debug\cymetadata.o
 .comment       0x0000006e       0x6f .\CortexM3\ARM_GCC_541\Debug\Cm3Start.o
 .comment       0x0000006e       0x6f .\CortexM3\ARM_GCC_541\Debug\CY_CKIT_TEST.a(CyLib.o)
 .comment       0x0000006e       0x6f .\CortexM3\ARM_GCC_541\Debug\CY_CKIT_TEST.a(cyPm.o)
 .comment       0x0000006e       0x6f .\CortexM3\ARM_GCC_541\Debug\CY_CKIT_TEST.a(PWM_BACK.o)
 .comment       0x0000006e       0x6f .\CortexM3\ARM_GCC_541\Debug\CY_CKIT_TEST.a(PWM_FRONT.o)
 .comment       0x0000006e       0x6f .\CortexM3\ARM_GCC_541\Debug\CY_CKIT_TEST.a(inter_uart.o)
 .comment       0x0000006e       0x6f .\CortexM3\ARM_GCC_541\Debug\CY_CKIT_TEST.a(UART_XBEE.o)
 .comment       0x0000006e       0x6f .\CortexM3\ARM_GCC_541\Debug\CY_CKIT_TEST.a(UART_XBEE_IntClock.o)
 .comment       0x0000006e       0x6f .\CortexM3\ARM_GCC_541\Debug\CY_CKIT_TEST.a(IN_B2_AR_G.o)
 .comment       0x0000006e       0x6f .\CortexM3\ARM_GCC_541\Debug\CY_CKIT_TEST.a(IN_A2_AR_G.o)
 .comment       0x0000006e       0x6f .\CortexM3\ARM_GCC_541\Debug\CY_CKIT_TEST.a(IN_A1_AR_D.o)
 .comment       0x0000006e       0x6f .\CortexM3\ARM_GCC_541\Debug\CY_CKIT_TEST.a(IN_B1_AR_D.o)
 .comment       0x0000006e       0x6f .\CortexM3\ARM_GCC_541\Debug\CY_CKIT_TEST.a(IN_A2_AV_D.o)
 .comment       0x0000006e       0x6f .\CortexM3\ARM_GCC_541\Debug\CY_CKIT_TEST.a(IN_B2_AV_D.o)
 .comment       0x0000006e       0x6f .\CortexM3\ARM_GCC_541\Debug\CY_CKIT_TEST.a(IN_A1_AV_G.o)
 .comment       0x0000006e       0x6f .\CortexM3\ARM_GCC_541\Debug\CY_CKIT_TEST.a(IN_B1_AV_G.o)
 .comment       0x0000006e       0x6f .\CortexM3\ARM_GCC_541\Debug\CY_CKIT_TEST.a(CyFlash.o)
 .comment       0x0000006e       0x6f .\CortexM3\ARM_GCC_541\Debug\CY_CKIT_TEST.a(CySpc.o)

.debug_weaknames
 *(.debug_weaknames)

.debug_funcnames
 *(.debug_funcnames)

.debug_typenames
 *(.debug_typenames)

.debug_varnames
 *(.debug_varnames)

.note.gnu.arm.ident
 *(.note.gnu.arm.ident)

.ARM.attributes
                0x00000000       0x29
 *(.ARM.attributes)
 .ARM.attributes
                0x00000000       0x1d c:/program files (x86)/cypress/psoc creator/4.4/psoc creator/import/gnu/arm/5.4.1/bin/../lib/gcc/arm-none-eabi/5.4.1/armv7-m/crti.o
 .ARM.attributes
                0x0000001d       0x2d c:/program files (x86)/cypress/psoc creator/4.4/psoc creator/import/gnu/arm/5.4.1/bin/../lib/gcc/arm-none-eabi/5.4.1/armv7-m/crtbegin.o
 .ARM.attributes
                0x0000004a       0x1b c:/program files (x86)/cypress/psoc creator/4.4/psoc creator/import/gnu/arm/5.4.1/bin/../lib/gcc/arm-none-eabi/5.4.1/../../../../arm-none-eabi/lib/armv7-m/crt0.o
 .ARM.attributes
                0x00000065       0x33 .\CortexM3\ARM_GCC_541\Debug\main.o
 .ARM.attributes
                0x00000098       0x33 .\CortexM3\ARM_GCC_541\Debug\cyfitter_cfg.o
 .ARM.attributes
                0x000000cb       0x33 .\CortexM3\ARM_GCC_541\Debug\cymetadata.o
 .ARM.attributes
                0x000000fe       0x33 .\CortexM3\ARM_GCC_541\Debug\Cm3Start.o
 .ARM.attributes
                0x00000131       0x33 .\CortexM3\ARM_GCC_541\Debug\CY_CKIT_TEST.a(CyLib.o)
 .ARM.attributes
                0x00000164       0x33 .\CortexM3\ARM_GCC_541\Debug\CY_CKIT_TEST.a(cyPm.o)
 .ARM.attributes
                0x00000197       0x33 .\CortexM3\ARM_GCC_541\Debug\CY_CKIT_TEST.a(PWM_BACK.o)
 .ARM.attributes
                0x000001ca       0x33 .\CortexM3\ARM_GCC_541\Debug\CY_CKIT_TEST.a(PWM_FRONT.o)
 .ARM.attributes
                0x000001fd       0x33 .\CortexM3\ARM_GCC_541\Debug\CY_CKIT_TEST.a(inter_uart.o)
 .ARM.attributes
                0x00000230       0x33 .\CortexM3\ARM_GCC_541\Debug\CY_CKIT_TEST.a(UART_XBEE.o)
 .ARM.attributes
                0x00000263       0x33 .\CortexM3\ARM_GCC_541\Debug\CY_CKIT_TEST.a(UART_XBEE_IntClock.o)
 .ARM.attributes
                0x00000296       0x33 .\CortexM3\ARM_GCC_541\Debug\CY_CKIT_TEST.a(IN_B2_AR_G.o)
 .ARM.attributes
                0x000002c9       0x33 .\CortexM3\ARM_GCC_541\Debug\CY_CKIT_TEST.a(IN_A2_AR_G.o)
 .ARM.attributes
                0x000002fc       0x33 .\CortexM3\ARM_GCC_541\Debug\CY_CKIT_TEST.a(IN_A1_AR_D.o)
 .ARM.attributes
                0x0000032f       0x33 .\CortexM3\ARM_GCC_541\Debug\CY_CKIT_TEST.a(IN_B1_AR_D.o)
 .ARM.attributes
                0x00000362       0x33 .\CortexM3\ARM_GCC_541\Debug\CY_CKIT_TEST.a(IN_A2_AV_D.o)
 .ARM.attributes
                0x00000395       0x33 .\CortexM3\ARM_GCC_541\Debug\CY_CKIT_TEST.a(IN_B2_AV_D.o)
 .ARM.attributes
                0x000003c8       0x33 .\CortexM3\ARM_GCC_541\Debug\CY_CKIT_TEST.a(IN_A1_AV_G.o)
 .ARM.attributes
                0x000003fb       0x33 .\CortexM3\ARM_GCC_541\Debug\CY_CKIT_TEST.a(IN_B1_AV_G.o)
 .ARM.attributes
                0x0000042e       0x21 .\CortexM3\ARM_GCC_541\Debug\CY_CKIT_TEST.a(CyBootAsmGnu.o)
 .ARM.attributes
                0x0000044f       0x33 .\CortexM3\ARM_GCC_541\Debug\CY_CKIT_TEST.a(CyFlash.o)
 .ARM.attributes
                0x00000482       0x33 .\CortexM3\ARM_GCC_541\Debug\CY_CKIT_TEST.a(CySpc.o)
 .ARM.attributes
                0x000004b5       0x2d c:/program files (x86)/cypress/psoc creator/4.4/psoc creator/import/gnu/arm/5.4.1/bin/../lib/gcc/arm-none-eabi/5.4.1/../../../../arm-none-eabi/lib/armv7-m\libg_nano.a(lib_a-errno.o)
 .ARM.attributes
                0x000004e2       0x2d c:/program files (x86)/cypress/psoc creator/4.4/psoc creator/import/gnu/arm/5.4.1/bin/../lib/gcc/arm-none-eabi/5.4.1/../../../../arm-none-eabi/lib/armv7-m\libg_nano.a(lib_a-exit.o)
 .ARM.attributes
                0x0000050f       0x2d c:/program files (x86)/cypress/psoc creator/4.4/psoc creator/import/gnu/arm/5.4.1/bin/../lib/gcc/arm-none-eabi/5.4.1/../../../../arm-none-eabi/lib/armv7-m\libg_nano.a(lib_a-impure.o)
 .ARM.attributes
                0x0000053c       0x2d c:/program files (x86)/cypress/psoc creator/4.4/psoc creator/import/gnu/arm/5.4.1/bin/../lib/gcc/arm-none-eabi/5.4.1/../../../../arm-none-eabi/lib/armv7-m\libg_nano.a(lib_a-init.o)
 .ARM.attributes
                0x00000569       0x2d c:/program files (x86)/cypress/psoc creator/4.4/psoc creator/import/gnu/arm/5.4.1/bin/../lib/gcc/arm-none-eabi/5.4.1/../../../../arm-none-eabi/lib/armv7-m\libg_nano.a(lib_a-memcpy-stub.o)
 .ARM.attributes
                0x00000596       0x2d c:/program files (x86)/cypress/psoc creator/4.4/psoc creator/import/gnu/arm/5.4.1/bin/../lib/gcc/arm-none-eabi/5.4.1/../../../../arm-none-eabi/lib/armv7-m\libg_nano.a(lib_a-memset.o)
 .ARM.attributes
                0x000005c3       0x2d c:/program files (x86)/cypress/psoc creator/4.4/psoc creator/import/gnu/arm/5.4.1/bin/../lib/gcc/arm-none-eabi/5.4.1/armv7-m/crtend.o
 .ARM.attributes
                0x000005f0       0x1d c:/program files (x86)/cypress/psoc creator/4.4/psoc creator/import/gnu/arm/5.4.1/bin/../lib/gcc/arm-none-eabi/5.4.1/armv7-m/crtn.o

/DISCARD/
 *(.note.GNU-stack)
OUTPUT(U:\5SEE\Archi_Elec_Voiture\Projet_Mini_Voiture\CY_CKIT_TEST.cydsn\CortexM3\ARM_GCC_541\Debug\CY_CKIT_TEST.elf elf32-littlearm)
